pci.c:30:1:pci_hose_read_config_byte	0	static
pci.c:31:1:pci_hose_read_config_word	0	static
pci.c:32:1:pci_hose_read_config_dword	0	static
pci.c:33:1:pci_hose_write_config_byte	0	static
pci.c:34:1:pci_hose_write_config_word	0	static
pci.c:35:1:pci_hose_write_config_dword	0	static
pci.c:96:1:pci_hose_read_config_byte_via_dword	24	static
pci.c:97:1:pci_hose_read_config_word_via_dword	24	static
pci.c:98:1:pci_hose_write_config_byte_via_dword	32	static
pci.c:99:1:pci_hose_write_config_word_via_dword	32	static
pci.c:126:6:pci_register_hose	0	static
pci.c:138:24:pci_bus_to_hose	8	static
pci.c:51:1:pci_read_config_byte	16	static
pci.c:52:1:pci_read_config_word	16	static
pci.c:53:1:pci_read_config_dword	16	static
pci.c:54:1:pci_write_config_byte	16	static
pci.c:55:1:pci_write_config_word	16	static
pci.c:56:1:pci_write_config_dword	16	static
pci.c:151:24:find_hose_by_cfg_addr	0	static
pci.c:163:5:pci_last_busno	0	static
pci.c:176:11:pci_find_devices	40	static
pci.c:231:11:pci_find_device	0	static
pci.c:245:5:__pci_hose_phys_to_bus	20	static
pci.c:276:12:pci_hose_phys_to_bus	40	static
pci.c:307:5:__pci_hose_bus_to_phys	16	static
pci.c:335:13:pci_hose_bus_to_phys	40	static
pci.c:102:7:pci_map_bar	24	static
pci.c:370:5:pci_hose_config_device	56	static
pci.c:467:26:pci_find_config	12	static
pci.c:491:6:pci_cfgfunc_config_device	16	static
pci.c:499:6:pci_cfgfunc_do_nothing	0	static
pci.c:511:14:pci_class_str	0	static
pci.c:575:5:__pci_skip_dev	0	static
pci.c:598:5:__pci_print_dev	0	static
pci.c:609:5:pci_hose_scan_bus	64	static
pci.c:686:5:pci_hose_scan	8	static
pci.c:718:6:pci_init	0	static
pci.c:747:5:pci_hose_find_cap_start	16	static
pci.c:768:5:pci_find_cap	32	static
pci.c:730:5:pci_hose_find_capability	24	static
