ipu_common.c:149:12:clk_ipu_enable	0	static
ipu_common.c:171:13:clk_ipu_disable	0	static
ipu_common.c:272:13:ipu_pixel_clk_recalc	8	static
ipu_common.c:281:22:ipu_pixel_clk_round_rate	24	static
ipu_common.c:308:12:ipu_pixel_clk_set_rate	16	static
ipu_common.c:321:12:ipu_pixel_clk_enable	0	static
ipu_common.c:330:13:ipu_pixel_clk_disable	0	static
ipu_common.c:338:12:ipu_pixel_clk_set_parent	8	static
ipu_common.c:83:6:clk_enable	0	static
ipu_common.c:92:6:clk_disable	0	static
ipu_common.c:102:5:clk_get_usecount	0	static
ipu_common.c:110:5:clk_get_rate	0	static
ipu_common.c:118:13:clk_get_parent	0	static
ipu_common.c:126:5:clk_set_rate	8	static
ipu_common.c:133:6:clk_round_rate	0	static
ipu_common.c:141:5:clk_set_parent	0	static
ipu_common.c:382:6:ipu_reset	16	static
ipu_common.c:411:5:ipu_probe	16	static
ipu_common.c:475:6:ipu_dump_registers	0	static
ipu_common.c:521:9:ipu_init_channel	24	static
ipu_common.c:610:6:ipu_uninit_channel	32	static
ipu_common.c:1009:9:ipu_enable_channel	16	static
ipu_common.c:1053:6:ipu_clear_buffer_ready	0	static
ipu_common.c:1087:9:ipu_disable_channel	24	static
ipu_common.c:1141:10:bytes_per_pixel	0	static
ipu_common.c:953:9:ipu_init_channel_buffer	96	static
ipu_common.c:1174:19:format_to_colorspace	0	static
