ipu_disp.c:238:13:ipu_dc_map_config	20	static
ipu_disp.c:318:12:rgb_to_yuv	12	static
ipu_disp.c:280:13:ipu_dc_link_event	24	static
ipu_disp.c:203:13:2	28	static
ipu_disp.c:58:6:ipu_dmfc_init	8	static
ipu_disp.c:139:6:ipu_dmfc_set_wait4eot	16	static
ipu_disp.c:380:6:ipu_dp_csc_setup	8	static
ipu_disp.c:418:5:ipu_dp_init	40	static
ipu_disp.c:505:6:ipu_dp_uninit	0	static
ipu_disp.c:531:6:ipu_dc_init	24	static
ipu_disp.c:580:6:ipu_dc_uninit	8	static
ipu_disp.c:608:5:ipu_chan_is_interlaced	0	static
ipu_disp.c:619:6:ipu_dp_dc_enable	24	static
ipu_disp.c:663:6:ipu_dp_dc_disable	24	static
ipu_disp.c:763:6:ipu_init_dc_mappings	8	static
ipu_disp.c:796:5:ipu_pixfmt_to_map	0	static
ipu_disp.c:818:6:adapt_panel_to_ipu_restricitions	16	static
ipu_disp.c:874:9:ipu_init_sync_panel	104	static
ipu_disp.c:1218:9:ipu_disp_set_global_alpha	24	static
ipu_disp.c:1279:9:ipu_disp_set_color_key	40	static
