Archive member included to satisfy reference by file (symbol)

/usr/lib/gcc-cross/arm-linux-gnueabihf/4.8/sf/libgcc.a(_udivsi3.o)
                              arch/arm/cpu/armv7/mx6/built-in.o (__aeabi_uidiv)
/usr/lib/gcc-cross/arm-linux-gnueabihf/4.8/sf/libgcc.a(_divsi3.o)
                              common/built-in.o (__aeabi_idiv)
/usr/lib/gcc-cross/arm-linux-gnueabihf/4.8/sf/libgcc.a(_lshrdi3.o)
                              common/built-in.o (__aeabi_llsr)
/usr/lib/gcc-cross/arm-linux-gnueabihf/4.8/sf/libgcc.a(_ashldi3.o)
                              drivers/mmc/built-in.o (__aeabi_llsl)
/usr/lib/gcc-cross/arm-linux-gnueabihf/4.8/sf/libgcc.a(_dvmd_lnx.o)
                              /usr/lib/gcc-cross/arm-linux-gnueabihf/4.8/sf/libgcc.a(_udivsi3.o) (__aeabi_idiv0)

Discarded input sections

 .data          0x0000000000000000        0x0 arch/arm/cpu/armv7/start.o
 .bss           0x0000000000000000        0x0 arch/arm/cpu/armv7/start.o
 .text.__v7_outer_cache_enable
                0x0000000000000000        0x4 arch/arm/cpu/armv7/built-in.o
 .text.__v7_outer_cache_disable
                0x0000000000000000        0x4 arch/arm/cpu/armv7/built-in.o
 .text.__v7_outer_cache_flush_all
                0x0000000000000000        0x4 arch/arm/cpu/armv7/built-in.o
 .text.__v7_outer_cache_inval_all
                0x0000000000000000        0x4 arch/arm/cpu/armv7/built-in.o
 .text.__v7_outer_cache_flush_range
                0x0000000000000000        0x4 arch/arm/cpu/armv7/built-in.o
 .text.mmu_page_table_flush
                0x0000000000000000       0x24 arch/arm/cpu/armv7/built-in.o
 .text.__v7_outer_cache_inval_range
                0x0000000000000000        0x4 arch/arm/cpu/armv7/built-in.o
 .text.sdelay   0x0000000000000000        0xc arch/arm/cpu/armv7/built-in.o
 .text.wait_on_value
                0x0000000000000000       0x34 arch/arm/cpu/armv7/built-in.o
 .data          0x0000000000000000        0x0 arch/arm/cpu/armv7/built-in.o
 .bss           0x0000000000000000        0x0 arch/arm/cpu/armv7/built-in.o
 .text          0x0000000000000000        0x0 arch/arm/cpu/armv7/mx6/built-in.o
 .text.enable_fec_anatop_clock
                0x0000000000000000       0x84 arch/arm/cpu/armv7/mx6/built-in.o
 .data          0x0000000000000000        0x0 arch/arm/cpu/armv7/mx6/built-in.o
 .bss           0x0000000000000000        0x0 arch/arm/cpu/armv7/mx6/built-in.o
 .text          0x0000000000000000        0x0 arch/arm/imx-common/built-in.o
 .text.imx_ddr_size
                0x0000000000000000       0x60 arch/arm/imx-common/built-in.o
 .text.mxs_wait_mask_set
                0x0000000000000000       0x40 arch/arm/imx-common/built-in.o
 .text.mxs_wait_mask_clr
                0x0000000000000000       0x3c arch/arm/imx-common/built-in.o
 .text.mxs_reset_block
                0x0000000000000000       0x90 arch/arm/imx-common/built-in.o
 .rodata.col_lookup
                0x0000000000000000        0x8 arch/arm/imx-common/built-in.o
 .rodata.bank_lookup
                0x0000000000000000        0x2 arch/arm/imx-common/built-in.o
 .data          0x0000000000000000        0x0 arch/arm/imx-common/built-in.o
 .bss           0x0000000000000000        0x0 arch/arm/imx-common/built-in.o
 .text.__flush_cache
                0x0000000000000000        0x4 arch/arm/lib/built-in.o
 .text.__flush_dcache_all
                0x0000000000000000        0xc arch/arm/lib/built-in.o
 .text.__enable_caches
                0x0000000000000000        0xc arch/arm/lib/built-in.o
 .text.__arm_init_before_mmu
                0x0000000000000000        0x4 arch/arm/lib/built-in.o
 .text.__mmu_page_table_flush
                0x0000000000000000        0x4 arch/arm/lib/built-in.o
 .text.mmu_set_region_dcache_behaviour
                0x0000000000000000       0x50 arch/arm/lib/built-in.o
 .rodata.pl310  0x0000000000000000        0x4 arch/arm/lib/built-in.o
 .data          0x0000000000000000        0x0 arch/arm/lib/built-in.o
 .bss           0x0000000000000000        0x0 arch/arm/lib/built-in.o
 .text          0x0000000000000000        0x0 board/synexxus/aristeus/built-in.o
 .data          0x0000000000000000        0x0 board/synexxus/aristeus/built-in.o
 .bss           0x0000000000000000        0x0 board/synexxus/aristeus/built-in.o
 .text          0x0000000000000000        0x0 common/built-in.o
 .text.cmd_process_error
                0x0000000000000000       0x30 common/built-in.o
 .text.hash_finish_crc32
                0x0000000000000000       0x30 common/built-in.o
 .text.hash_update_crc32
                0x0000000000000000       0x24 common/built-in.o
 .text.hash_init_crc32
                0x0000000000000000       0x24 common/built-in.o
 .text.hash_lookup_algo
                0x0000000000000000       0x28 common/built-in.o
 .text.hash_show
                0x0000000000000000       0x58 common/built-in.o
 .text.hash_block
                0x0000000000000000       0x70 common/built-in.o
 .text.unset_local_var
[...]
Memory Configuration

Name             Origin             Length             Attributes
*default*        0x0000000000000000 0xffffffffffffffff

Linker script and memory map

Address of section .text set to 0x17800000
                0x0000000000000000                . = 0x0
                0x0000000000000000                . = ALIGN (0x4)

.text           0x0000000017800000    0x3a27c
 *(.__image_copy_start)
 .__image_copy_start
                0x0000000017800000        0x0 arch/arm/lib/built-in.o
                0x0000000017800000                __image_copy_start
 *(.vectors)
 .vectors       0x0000000017800000      0x300 arch/arm/lib/built-in.o
                0x0000000017800000                _start
                0x0000000017800024                _undefined_instruction
                0x0000000017800028                _software_interrupt
                0x000000001780002c                _prefetch_abort
                0x0000000017800030                _data_abort
                0x0000000017800034                _not_used
                0x0000000017800038                _irq
                0x000000001780003c                _fiq
                0x0000000017800040                IRQ_STACK_START_IN
 arch/arm/cpu/armv7/start.o(.text*)
 .text          0x0000000017800300       0xcc arch/arm/cpu/armv7/start.o
                0x0000000017800300                reset
                0x0000000017800340                c_runtime_cpu_setup
                0x0000000017800358                save_boot_params
                0x000000001780035c                cpu_init_cp15
                0x00000000178003c4                cpu_init_crit
 *(.text*)
 .text          0x00000000178003cc       0x24 arch/arm/cpu/armv7/built-in.o
                0x00000000178003cc                lowlevel_init
 .text.v7_maint_dcache_all
                0x00000000178003f0       0xd8 arch/arm/cpu/armv7/built-in.o
 .text.v7_dcache_inval_range
                0x00000000178004c8       0x80 arch/arm/cpu/armv7/built-in.o
 .text.invalidate_icache_all
                0x0000000017800548       0x18 arch/arm/cpu/armv7/built-in.o
                0x0000000017800548                invalidate_icache_all
 .text.flush_dcache_all
                0x0000000017800560       0x14 arch/arm/cpu/armv7/built-in.o
                0x0000000017800560                flush_dcache_all
 .text.invalidate_dcache_all
                0x0000000017800574       0x14 arch/arm/cpu/armv7/built-in.o
                0x0000000017800574                invalidate_dcache_all
 .text.arm_init_before_mmu
                0x0000000017800588       0x28 arch/arm/cpu/armv7/built-in.o
                0x0000000017800588                arm_init_before_mmu
 .text.flush_dcache_range
                0x00000000178005b0       0x3c arch/arm/cpu/armv7/built-in.o
                0x00000000178005b0                flush_dcache_range
 .text.flush_cache
                0x00000000178005ec        0x8 arch/arm/cpu/armv7/built-in.o
                0x00000000178005ec                flush_cache
 .text.invalidate_dcache_range
                0x00000000178005f4       0x3c arch/arm/cpu/armv7/built-in.o
                0x00000000178005f4                invalidate_dcache_range
 .text.cpu_cache_initialization
                0x0000000017800630        0x4 arch/arm/cpu/armv7/built-in.o
                0x0000000017800630                cpu_cache_initialization
 .text.cleanup_before_linux
                0x0000000017800634       0x28 arch/arm/cpu/armv7/built-in.o
                0x0000000017800634                cleanup_before_linux
 .text.get_cpu_rev
                0x000000001780065c       0x6c arch/arm/cpu/armv7/mx6/built-in.o
                0x000000001780065c                get_cpu_rev
 .text.get_board_rev
                0x00000000178006c8       0x30 arch/arm/cpu/armv7/mx6/built-in.o
                0x00000000178006c8                get_board_rev
 .text.init_aips
                0x00000000178006f8       0x5c arch/arm/cpu/armv7/mx6/built-in.o
                0x00000000178006f8                init_aips
 .text.arch_cpu_init
                0x0000000017800754       0x74 arch/arm/cpu/armv7/mx6/built-in.o
                0x0000000017800754                arch_cpu_init
 .text.board_postclk_init
                0x00000000178007c8       0x54 arch/arm/cpu/armv7/mx6/built-in.o
                0x00000000178007c8                board_postclk_init
 .text.enable_caches
                0x000000001780081c       0x10 arch/arm/cpu/armv7/mx6/built-in.o
                0x000000001780081c                enable_caches
 .text.imx_get_mac_from_fuse
                0x000000001780082c       0x40 arch/arm/cpu/armv7/mx6/built-in.o
                0x000000001780082c                imx_get_mac_from_fuse
 .text.boot_mode_apply
                0x000000001780086c       0x28 arch/arm/cpu/armv7/mx6/built-in.o
                0x000000001780086c                boot_mode_apply
 .text.s_init   0x0000000017800894       0x4c arch/arm/cpu/armv7/mx6/built-in.o
                0x0000000017800894                s_init
 .text.imx_enable_hdmi_phy
                0x00000000178008e0       0x5c arch/arm/cpu/armv7/mx6/built-in.o
                0x00000000178008e0                imx_enable_hdmi_phy
 .text.imx_setup_hdmi
                0x000000001780093c       0x44 arch/arm/cpu/armv7/mx6/built-in.o
                0x000000001780093c                imx_setup_hdmi
 .text.v7_outer_cache_enable
                0x0000000017800980       0x3c arch/arm/cpu/armv7/mx6/built-in.o
                0x0000000017800980                v7_outer_cache_enable
 .text.v7_outer_cache_disable
                0x00000000178009bc       0x18 arch/arm/cpu/armv7/mx6/built-in.o
                0x00000000178009bc                v7_outer_cache_disable
 .text.enable_enet_pll
                0x00000000178009d4       0x68 arch/arm/cpu/armv7/mx6/built-in.o
 .text.get_ipg_clk
                0x0000000017800a3c       0x28 arch/arm/cpu/armv7/mx6/built-in.o
 .text.get_ipg_per_clk
                0x0000000017800a64       0x28 arch/arm/cpu/armv7/mx6/built-in.o
 .text.decode_pll.part.0
                0x0000000017800a8c       0x30 arch/arm/cpu/armv7/mx6/built-in.o
 .text.get_mcu_main_clk
                0x0000000017800abc       0x3c arch/arm/cpu/armv7/mx6/built-in.o
 .text.get_uart_clk
                0x0000000017800af8       0x4c arch/arm/cpu/armv7/mx6/built-in.o
 .text.get_cspi_clk
                0x0000000017800b44       0x48 arch/arm/cpu/armv7/mx6/built-in.o
 .text.mxc_get_pll_pfd
                0x0000000017800b8c       0xb8 arch/arm/cpu/armv7/mx6/built-in.o
 .text.get_usdhc_clk
                0x0000000017800c44       0x90 arch/arm/cpu/armv7/mx6/built-in.o
 .text.enable_ocotp_clk
                0x0000000017800cd4       0x24 arch/arm/cpu/armv7/mx6/built-in.o
                0x0000000017800cd4                enable_ocotp_clk
 .text.enable_usboh3_clk
                0x0000000017800cf8       0x24 arch/arm/cpu/armv7/mx6/built-in.o
                0x0000000017800cf8                enable_usboh3_clk
 .text.enable_i2c_clk
                0x0000000017800d1c       0x48 arch/arm/cpu/armv7/mx6/built-in.o
                0x0000000017800d1c                enable_i2c_clk
 .text.get_periph_clk
                0x0000000017800d64       0xb8 arch/arm/cpu/armv7/mx6/built-in.o
                0x0000000017800d64                get_periph_clk
 .text.get_axi_clk
                0x0000000017800e1c       0x4c arch/arm/cpu/armv7/mx6/built-in.o
 .text.get_emi_slow_clk
                0x0000000017800e68       0x80 arch/arm/cpu/armv7/mx6/built-in.o
 .text.get_mmdc_ch0_clk
                0x0000000017800ee8       0x28 arch/arm/cpu/armv7/mx6/built-in.o
 .text.do_mx6_showclocks
                0x0000000017800f10      0x23c arch/arm/cpu/armv7/mx6/built-in.o
                0x0000000017800f10                do_mx6_showclocks
 .text.imx_get_uartclk
                0x000000001780114c        0x4 arch/arm/cpu/armv7/mx6/built-in.o
                0x000000001780114c                imx_get_uartclk
 .text.imx_get_fecclk
                0x0000000017801150        0x4 arch/arm/cpu/armv7/mx6/built-in.o
                0x0000000017801150                imx_get_fecclk
 .text.enable_sata_clock
                0x0000000017801154       0x1c arch/arm/cpu/armv7/mx6/built-in.o
                0x0000000017801154                enable_sata_clock
 .text.enable_pcie_clock
                0x0000000017801170       0x50 arch/arm/cpu/armv7/mx6/built-in.o
                0x0000000017801170                enable_pcie_clock
 .text.mxc_get_clock
                0x00000000178011c0       0xa0 arch/arm/cpu/armv7/mx6/built-in.o
                0x00000000178011c0                mxc_get_clock
 .text.enable_ipu_clock
                0x0000000017801260       0x18 arch/arm/cpu/armv7/mx6/built-in.o
                0x0000000017801260                enable_ipu_clock
 .text.imx_iomux_v3_setup_pad
                0x0000000017801278       0x8c arch/arm/imx-common/built-in.o
                0x0000000017801278                imx_iomux_v3_setup_pad
 .text.imx_iomux_v3_setup_multiple_pads
                0x0000000017801304       0x2c arch/arm/imx-common/built-in.o
                0x0000000017801304                imx_iomux_v3_setup_multiple_pads
 .text.timer_init
                0x0000000017801330       0x50 arch/arm/imx-common/built-in.o
                0x0000000017801330                timer_init
 .text.get_ticks
                0x0000000017801380       0x44 arch/arm/imx-common/built-in.o
                0x0000000017801380                get_ticks
 .text.get_timer_masked
                0x00000000178013c4       0x50 arch/arm/imx-common/built-in.o
                0x00000000178013c4                get_timer_masked
 .text.get_timer
                0x0000000017801414       0x14 arch/arm/imx-common/built-in.o
                0x0000000017801414                get_timer
 .text.__udelay
                0x0000000017801428       0x7c arch/arm/imx-common/built-in.o
                0x0000000017801428                __udelay
 .text.get_tbclk
                0x00000000178014a4        0x8 arch/arm/imx-common/built-in.o
                0x00000000178014a4                get_tbclk
 .text.get_reset_cause
                0x00000000178014ac       0xbc arch/arm/imx-common/built-in.o
                0x00000000178014ac                get_reset_cause
 .text.get_imx_type
                0x0000000017801568       0x20 arch/arm/imx-common/built-in.o
                0x0000000017801568                get_imx_type
 .text.print_cpuinfo
                0x0000000017801588       0x70 arch/arm/imx-common/built-in.o
                0x0000000017801588                print_cpuinfo
 .text.cpu_eth_init
                0x00000000178015f8        0x4 arch/arm/imx-common/built-in.o
                0x00000000178015f8                cpu_eth_init
 .text.cpu_mmc_init
                0x00000000178015fc        0x4 arch/arm/imx-common/built-in.o
                0x00000000178015fc                cpu_mmc_init
 .text.get_ahb_clk
                0x0000000017801600       0x24 arch/arm/imx-common/built-in.o
                0x0000000017801600                get_ahb_clk
 .text.arch_preboot_os
                0x0000000017801624        0x4 arch/arm/imx-common/built-in.o
                0x0000000017801624                arch_preboot_os
 .text.get_clocks
                0x0000000017801628       0x1c arch/arm/imx-common/built-in.o
                0x0000000017801628                get_clocks
 .text.force_idle_bus
                0x0000000017801644      0x124 arch/arm/imx-common/built-in.o
 .text.setup_i2c
                0x0000000017801768       0x5c arch/arm/imx-common/built-in.o
                0x0000000017801768                setup_i2c
 .text.setup_sata
                0x00000000178017c4       0x30 arch/arm/imx-common/built-in.o
                0x00000000178017c4                setup_sata
 .text.board_video_skip
                0x00000000178017f4      0x180 arch/arm/imx-common/built-in.o
                0x00000000178017f4                board_video_skip
 .text.detect_hdmi
                0x0000000017801974       0x18 arch/arm/imx-common/built-in.o
                0x0000000017801974                detect_hdmi
 .text.create_usage
                0x000000001780198c       0xa0 arch/arm/imx-common/built-in.o
 .text.do_boot_mode
                0x0000000017801a2c       0xd4 arch/arm/imx-common/built-in.o
 .text.add_board_boot_modes
                0x0000000017801b00       0x60 arch/arm/imx-common/built-in.o
                0x0000000017801b00                add_board_boot_modes
 .text.do_hdmidet
                0x0000000017801b60       0x20 arch/arm/imx-common/built-in.o
 .text          0x0000000017801b80       0xe8 arch/arm/lib/built-in.o
                0x0000000017801b80                _main
                0x0000000017801c04                relocate_code
 .text.arch_fixup_memory_node
                0x0000000017801c68       0x38 arch/arm/lib/built-in.o
                0x0000000017801c68                arch_fixup_memory_node
 .text.boot_jump_linux
                0x0000000017801ca0       0xb8 arch/arm/lib/built-in.o
 .text.arch_lmb_reserve
                0x0000000017801d58       0x24 arch/arm/lib/built-in.o
                0x0000000017801d58                arch_lmb_reserve
 .text.setup_board_tags
                0x0000000017801d7c        0x4 arch/arm/lib/built-in.o
                0x0000000017801d7c                setup_board_tags
 .text.boot_prep_linux
                0x0000000017801d80      0x194 arch/arm/lib/built-in.o
 .text.do_bootm_linux
                0x0000000017801f14       0x60 arch/arm/lib/built-in.o
                0x0000000017801f14                do_bootm_linux
 .text.bootz_setup
                0x0000000017801f74       0x60 arch/arm/lib/built-in.o
                0x0000000017801f74                bootz_setup
 .text.boot_prep_vxworks
                0x0000000017801fd4       0x4c arch/arm/lib/built-in.o
                0x0000000017801fd4                boot_prep_vxworks
 .text.boot_jump_vxworks
                0x0000000017802020        0xc arch/arm/lib/built-in.o
                0x0000000017802020                boot_jump_vxworks
 .text.pl310_background_op_all_ways
                0x000000001780202c       0x3c arch/arm/lib/built-in.o
 .text.v7_outer_cache_inval_all
                0x0000000017802068        0xc arch/arm/lib/built-in.o
                0x0000000017802068                v7_outer_cache_inval_all
 .text.v7_outer_cache_flush_all
                0x0000000017802074        0xc arch/arm/lib/built-in.o
                0x0000000017802074                v7_outer_cache_flush_all
 .text.v7_outer_cache_flush_range
                0x0000000017802080       0x30 arch/arm/lib/built-in.o
                0x0000000017802080                v7_outer_cache_flush_range
 .text.v7_outer_cache_inval_range
                0x00000000178020b0       0x80 arch/arm/lib/built-in.o
                0x00000000178020b0                v7_outer_cache_inval_range
 .text.interrupt_init
                0x0000000017802130       0x1c arch/arm/lib/built-in.o
                0x0000000017802130                interrupt_init
 .text.enable_interrupts
                0x000000001780214c        0x4 arch/arm/lib/built-in.o
                0x000000001780214c                enable_interrupts
 .text.disable_interrupts
                0x0000000017802150        0x8 arch/arm/lib/built-in.o
                0x0000000017802150                disable_interrupts
 .text.bad_mode
                0x0000000017802158       0x10 arch/arm/lib/built-in.o
                0x0000000017802158                bad_mode
 .text.show_regs
                0x0000000017802168      0x13c arch/arm/lib/built-in.o
                0x0000000017802168                show_regs
 .text.do_undefined_instruction
                0x00000000178022a4       0x20 arch/arm/lib/built-in.o
                0x00000000178022a4                do_undefined_instruction
 .text.do_software_interrupt
                0x00000000178022c4       0x20 arch/arm/lib/built-in.o
                0x00000000178022c4                do_software_interrupt
 .text.do_prefetch_abort
                0x00000000178022e4       0x20 arch/arm/lib/built-in.o
                0x00000000178022e4                do_prefetch_abort
 .text.do_data_abort
                0x0000000017802304       0x20 arch/arm/lib/built-in.o
                0x0000000017802304                do_data_abort
 .text.do_not_used
                0x0000000017802324       0x20 arch/arm/lib/built-in.o
                0x0000000017802324                do_not_used
 .text.do_fiq   0x0000000017802344       0x20 arch/arm/lib/built-in.o
                0x0000000017802344                do_fiq
 .text.do_irq   0x0000000017802364       0x20 arch/arm/lib/built-in.o
                0x0000000017802364                do_irq
 .text.do_reset
                0x0000000017802384       0x2c arch/arm/lib/built-in.o
                0x0000000017802384                do_reset
 .text.cp_delay
                0x00000000178023b0       0x30 arch/arm/lib/built-in.o
 .text.arm_init_domains
                0x00000000178023e0        0x4 arch/arm/lib/built-in.o
                0x00000000178023e0                arm_init_domains
 .text.set_section_dcache
                0x00000000178023e4       0x14 arch/arm/lib/built-in.o
                0x00000000178023e4                set_section_dcache
 .text.dram_bank_mmu_setup
                0x00000000178023f8       0x40 arch/arm/lib/built-in.o
                0x00000000178023f8                dram_bank_mmu_setup
 .text.icache_enable
                0x0000000017802438       0x18 arch/arm/lib/built-in.o
                0x0000000017802438                icache_enable
 .text.icache_disable
                0x0000000017802450       0x1c arch/arm/lib/built-in.o
                0x0000000017802450                icache_disable
 .text.icache_status
                0x000000001780246c        0xc arch/arm/lib/built-in.o
                0x000000001780246c                icache_status
 .text.dcache_enable
                0x0000000017802478       0x6c arch/arm/lib/built-in.o
                0x0000000017802478                dcache_enable
 .text.dcache_disable
                0x00000000178024e4       0x28 arch/arm/lib/built-in.o
                0x00000000178024e4                dcache_disable
 .text.dcache_status
                0x000000001780250c        0xc arch/arm/lib/built-in.o
                0x000000001780250c                dcache_status
 .text.enable_rgb
                0x0000000017802518       0x24 board/synexxus/aristeus/built-in.o
 .text.enable_lvds
                0x000000001780253c       0x20 board/synexxus/aristeus/built-in.o
 .text.read_keys
                0x000000001780255c       0x50 board/synexxus/aristeus/built-in.o
 .text.do_enable_hdmi
                0x00000000178025ac        0x4 board/synexxus/aristeus/built-in.o
 .text.setup_display
                0x00000000178025b0       0x84 board/synexxus/aristeus/built-in.o
 .text.do_kbd   0x0000000017802634       0x30 board/synexxus/aristeus/built-in.o
 .text.detect_i2c
                0x0000000017802664       0x34 board/synexxus/aristeus/built-in.o
 .text.dram_init
                0x0000000017802698       0x10 board/synexxus/aristeus/built-in.o
                0x0000000017802698                dram_init
 .text.board_ehci_hcd_init
                0x00000000178026a8       0x3c board/synexxus/aristeus/built-in.o
                0x00000000178026a8                board_ehci_hcd_init
 .text.board_ehci_power
                0x00000000178026e4       0x24 board/synexxus/aristeus/built-in.o
                0x00000000178026e4                board_ehci_power
 .text.board_mmc_getcd
                0x0000000017802708       0x78 board/synexxus/aristeus/built-in.o
                0x0000000017802708                board_mmc_getcd
 .text.board_mmc_init
                0x0000000017802780       0xa4 board/synexxus/aristeus/built-in.o
                0x0000000017802780                board_mmc_init
 .text.setup_spi
                0x0000000017802824       0x28 board/synexxus/aristeus/built-in.o
                0x0000000017802824                setup_spi
 .text.board_phy_config
                0x000000001780284c       0xb4 board/synexxus/aristeus/built-in.o
                0x000000001780284c                board_phy_config
 .text.board_eth_init
                0x0000000017802900      0x178 board/synexxus/aristeus/built-in.o
                0x0000000017802900                board_eth_init
 .text.board_early_init_f
                0x0000000017802a78       0x5c board/synexxus/aristeus/built-in.o
                0x0000000017802a78                board_early_init_f
 .text.overwrite_console
                0x0000000017802ad4        0x8 board/synexxus/aristeus/built-in.o
                0x0000000017802ad4                overwrite_console
 .text.board_init
                0x0000000017802adc       0xb4 board/synexxus/aristeus/built-in.o
                0x0000000017802adc                board_init
 .text.checkboard
                0x0000000017802b90       0x18 board/synexxus/aristeus/built-in.o
                0x0000000017802b90                checkboard
 .text.misc_init_r
                0x0000000017802ba8       0xc4 board/synexxus/aristeus/built-in.o
                0x0000000017802ba8                misc_init_r
 .text.__show_boot_progress
                0x0000000017802c6c        0x4 common/built-in.o
                0x0000000017802c6c                __show_boot_progress
                0x0000000017802c6c                show_boot_progress
 .text.main_loop
                0x0000000017802c70       0x40 common/built-in.o
                0x0000000017802c70                main_loop
 .text.find_cmd_tbl
                0x0000000017802cb0       0xa4 common/built-in.o
                0x0000000017802cb0                find_cmd_tbl
 .text.find_cmd
                0x0000000017802d54       0x28 common/built-in.o
                0x0000000017802d54                find_cmd
 .text.cmd_usage
                0x0000000017802d7c       0x5c common/built-in.o
                0x0000000017802d7c                cmd_usage
 .text._do_help
                0x0000000017802dd8      0x184 common/built-in.o
                0x0000000017802dd8                _do_help
 .text.var_complete
                0x0000000017802f5c       0x7c common/built-in.o
                0x0000000017802f5c                var_complete
 .text.cmd_auto_complete
                0x0000000017802fd8      0x4b8 common/built-in.o
                0x0000000017802fd8                cmd_auto_complete
 .text.cmd_get_data_size
                0x0000000017803490       0x5c common/built-in.o
                0x0000000017803490                cmd_get_data_size
 .text.cmd_process
                0x00000000178034ec       0xe8 common/built-in.o
                0x00000000178034ec                cmd_process
 .text.dummy    0x00000000178035d4        0x4 common/built-in.o
 .text.get_version
                0x00000000178035d8        0x8 common/built-in.o
                0x00000000178035d8                get_version
 .text.jumptable_init
                0x00000000178035e0      0x1d0 common/built-in.o
                0x00000000178035e0                jumptable_init
 .text.hash_command
                0x00000000178037b0       0xa0 common/built-in.o
                0x00000000178037b0                hash_command
 .text.b_reset  0x0000000017803850       0x1c common/built-in.o
 .text.static_get
                0x000000001780386c       0x1c common/built-in.o
 .text.static_peek
                0x0000000017803888        0xc common/built-in.o
 .text.file_peek
                0x0000000017803894        0xc common/built-in.o
 .text.mapset   0x00000000178038a0       0x20 common/built-in.o
 .text.syntax_err
                0x00000000178038c0        0xc common/built-in.o
 .text.free_pipe_list
                0x00000000178038cc       0xf0 common/built-in.o
 .text.xmalloc  0x00000000178039bc       0x20 common/built-in.o
 .text.new_pipe
                0x00000000178039dc       0x28 common/built-in.o
 .text.xrealloc
                0x0000000017803a04       0x20 common/built-in.o
 .text.done_command
                0x0000000017803a24       0x8c common/built-in.o
 .text.done_pipe
                0x0000000017803ab0       0x48 common/built-in.o
 .text.done_word
                0x0000000017803af8      0x2d8 common/built-in.o
 .text.do_showvar
                0x0000000017803dd0       0xf0 common/built-in.o
 .text.is_assignment
                0x0000000017803ec0       0x54 common/built-in.o
 .text.file_get
                0x0000000017803f14      0x1d0 common/built-in.o
 .text.b_addchr
                0x00000000178040e4       0x78 common/built-in.o
 .text.b_addqchr
                0x000000001780415c       0x50 common/built-in.o
 .text.get_local_var
                0x00000000178041ac       0x94 common/built-in.o
                0x00000000178041ac                get_local_var
 .text.set_local_var
                0x0000000017804240      0x1a8 common/built-in.o
                0x0000000017804240                set_local_var
 .text.insert_var_value_sub
                0x00000000178043e8      0x2a8 common/built-in.o
 .text.parse_string_outer
                0x0000000017804690       0xe4 common/built-in.o
                0x0000000017804690                parse_string_outer
 .text.run_list_real
                0x0000000017804774      0x7ec common/built-in.o
 .text.parse_stream_outer
                0x0000000017804f60      0x6c4 common/built-in.o
 .text.parse_file_outer
                0x0000000017805624       0x44 common/built-in.o
                0x0000000017805624                parse_file_outer
 .text.u_boot_hush_start
                0x0000000017805668       0x54 common/built-in.o
                0x0000000017805668                u_boot_hush_start
 .text.run_command
                0x00000000178056bc        0x8 common/built-in.o
                0x00000000178056bc                run_command
 .text.run_command_list
                0x00000000178056c4       0x5c common/built-in.o
                0x00000000178056c4                run_command_list
 .text.do_run   0x0000000017805720       0x74 common/built-in.o
                0x0000000017805720                do_run
 .text.cli_loop
                0x0000000017805794        0xc common/built-in.o
                0x0000000017805794                cli_loop
 .text.cli_init
                0x00000000178057a0        0x4 common/built-in.o
                0x00000000178057a0                cli_init
 .text.delete_char.part.0
                0x00000000178057a4       0xd0 common/built-in.o
 .text.cread_add_char
                0x0000000017805874       0xe8 common/built-in.o
 .text.cli_readline_into_buffer
                0x000000001780595c      0x9c8 common/built-in.o
                0x000000001780595c                cli_readline_into_buffer
 .text.cli_readline
                0x0000000017806324       0x14 common/built-in.o
                0x0000000017806324                cli_readline
 .text.hex1_bin
                0x0000000017806338       0x40 common/built-in.o
 .text.hex2_bin
                0x0000000017806378       0x38 common/built-in.o
 .text.srec_decode
                0x00000000178063b0      0x254 common/built-in.o
                0x00000000178063b0                srec_decode
 .text.CYGACC_COMM_IF_GETC_TIMEOUT.isra.0
                0x0000000017806604       0x4c common/built-in.o
 .text.xyzModem_flush
                0x0000000017806650       0x1c common/built-in.o
 .text.xyzModem_get_hdr
                0x000000001780666c      0x230 common/built-in.o
 .text.xyzModem_stream_open
                0x000000001780689c      0x248 common/built-in.o
                0x000000001780689c                xyzModem_stream_open
 .text.xyzModem_stream_read
                0x0000000017806ae4      0x24c common/built-in.o
                0x0000000017806ae4                xyzModem_stream_read
 .text.xyzModem_stream_close
                0x0000000017806d30       0x54 common/built-in.o
                0x0000000017806d30                xyzModem_stream_close
 .text.xyzModem_stream_terminate
                0x0000000017806d84       0x94 common/built-in.o
                0x0000000017806d84                xyzModem_stream_terminate
 .text.xyzModem_error
                0x0000000017806e18       0x20 common/built-in.o
                0x0000000017806e18                xyzModem_error
 .text.common_diskboot
                0x0000000017806e38      0x238 common/built-in.o
                0x0000000017806e38                common_diskboot
 .text.bootdelay_process
                0x0000000017807070       0x50 common/built-in.o
                0x0000000017807070                bootdelay_process
 .text.autoboot_command
                0x00000000178070c0       0xd8 common/built-in.o
                0x00000000178070c0                autoboot_command
 .text.trace_early_init
                0x0000000017807198        0x8 common/built-in.o
 .text.display_text_info
                0x00000000178071a0        0x8 common/built-in.o
 .text.setup_mon_len
                0x00000000178071a8       0x20 common/built-in.o
 .text.reserve_round_4k
                0x00000000178071c8       0x18 common/built-in.o
 .text.reserve_mmu
                0x00000000178071e0       0x38 common/built-in.o
 .text.reserve_trace
                0x0000000017807218        0x8 common/built-in.o
 .text.reserve_uboot
                0x0000000017807220       0x30 common/built-in.o
 .text.reserve_malloc
                0x0000000017807250       0x18 common/built-in.o
 .text.setup_machine
                0x0000000017807268       0x14 common/built-in.o
 .text.reserve_global_data
                0x000000001780727c       0x1c common/built-in.o
 .text.reserve_fdt
                0x0000000017807298       0x4c common/built-in.o
 .text.reserve_stacks
                0x00000000178072e4       0x34 common/built-in.o
 .text.display_new_sp
                0x0000000017807318        0x8 common/built-in.o
 .text.setup_reloc
                0x0000000017807320       0x28 common/built-in.o
 .text.reloc_fdt
                0x0000000017807348       0x30 common/built-in.o
 .text.reserve_board
                0x0000000017807378       0x30 common/built-in.o
 .text.announce_dram_init
                0x00000000178073a8       0x18 common/built-in.o
 .text.init_func_i2c
                0x00000000178073c0       0x28 common/built-in.o
 .text.init_baud_rate
                0x00000000178073e8       0x2c common/built-in.o
 .text.setup_fdt
                0x0000000017807414       0x28 common/built-in.o
 .text.mark_bootstage
                0x000000001780743c       0x14 common/built-in.o
 .text.__coloured_LED_init
                0x0000000017807450        0x4 common/built-in.o
                0x0000000017807450                coloured_LED_init
                0x0000000017807450                __coloured_LED_init
 .text.__red_led_on
                0x0000000017807454        0x4 common/built-in.o
                0x0000000017807454                __red_led_on
                0x0000000017807454                red_led_on
 .text.__board_add_ram_info
                0x0000000017807458        0x4 common/built-in.o
                0x0000000017807458                __board_add_ram_info
                0x0000000017807458                board_add_ram_info
 .text.show_dram_config
                0x000000001780745c       0x34 common/built-in.o
 .text.__dram_init_banksize
                0x0000000017807490       0x20 common/built-in.o
                0x0000000017807490                __dram_init_banksize
                0x0000000017807490                dram_init_banksize
 .text.setup_dram_config
                0x00000000178074b0       0x10 common/built-in.o
 .text.board_get_usable_ram_top
                0x00000000178074c0        0x8 common/built-in.o
                0x00000000178074c0                board_get_usable_ram_top
 .text.setup_dest_addr
                0x00000000178074c8       0x40 common/built-in.o
 .text.board_init_f
                0x0000000017807508       0x4c common/built-in.o
                0x0000000017807508                board_init_f
 .text.bootstage_relocate
                0x0000000017807554        0x8 common/built-in.o
 .text.initr_trace
                0x000000001780755c        0x8 common/built-in.o
 .text.initr_reloc_global_data
                0x0000000017807564       0x28 common/built-in.o
 .text.initr_barrier
                0x000000001780758c        0x8 common/built-in.o
 .text.power_init_board
                0x0000000017807594        0x8 common/built-in.o
                0x0000000017807594                power_init_board
 .text.initr_announce
                0x000000001780759c        0x8 common/built-in.o
 .text.initr_mmc
                0x00000000178075a4       0x20 common/built-in.o
                0x00000000178075a4                initr_mmc
 .text.run_main_loop
                0x00000000178075c4        0xc common/built-in.o
 .text.initr_net
                0x00000000178075d0       0x20 common/built-in.o
 .text.initr_ethaddr
                0x00000000178075f0       0x20 common/built-in.o
 .text.initr_enable_interrupts
                0x0000000017807610       0x10 common/built-in.o
 .text.initr_jumptable
                0x0000000017807620       0x10 common/built-in.o
 .text.initr_pci
                0x0000000017807630       0x10 common/built-in.o
 .text.initr_env
                0x0000000017807640       0x30 common/built-in.o
 .text.initr_malloc
                0x0000000017807670       0x24 common/built-in.o
 .text.initr_serial
                0x0000000017807694       0x10 common/built-in.o
 .text.initr_caches
                0x00000000178076a4       0x10 common/built-in.o
 .text.initr_reloc
                0x00000000178076b4       0x20 common/built-in.o
 .text.__cpu_secondary_init_r
                0x00000000178076d4        0x4 common/built-in.o
                0x00000000178076d4                cpu_secondary_init_r
                0x00000000178076d4                __cpu_secondary_init_r
 .text.initr_secondary_cpu
                0x00000000178076d8       0x10 common/built-in.o
 .text.board_init_r
                0x00000000178076e8       0x18 common/built-in.o
                0x00000000178076e8                board_init_r
 .text.do_go_exec
                0x0000000017807700       0x10 common/built-in.o
                0x0000000017807700                do_go_exec
 .text.do_go    0x0000000017807710       0x70 common/built-in.o
 .text.copy_args
                0x0000000017807780       0x50 common/built-in.o
 .text.image_info
                0x00000000178077d0       0xd0 common/built-in.o
 .text.bootm_disable_interrupts
                0x00000000178078a0       0x2c common/built-in.o
 .text.do_bootd
                0x00000000178078cc       0x20 common/built-in.o
                0x00000000178078cc                do_bootd
 .text.do_bootm_rtems
                0x00000000178078ec       0x40 common/built-in.o
 .text.do_bootm_plan9
                0x000000001780792c       0xa4 common/built-in.o
 .text.do_bootm_standalone
                0x00000000178079d0       0x64 common/built-in.o
 .text.do_bootm_netbsd
                0x0000000017807a34       0xf8 common/built-in.o
 .text.do_iminfo
                0x0000000017807b2c       0x60 common/built-in.o
 .text.bootm_find_ramdisk.isra.18
                0x0000000017807b8c       0x44 common/built-in.o
 .text.bootm_find_fdt
                0x0000000017807bd0       0x5c common/built-in.o
 .text.do_bootm_states.isra.21.constprop.23
                0x0000000017807c2c      0x77c common/built-in.o
 .text.do_bootm
                0x00000000178083a8       0xdc common/built-in.o
                0x00000000178083a8                do_bootm
 .text.bootm_maybe_autostart
                0x0000000017808484       0x78 common/built-in.o
                0x0000000017808484                bootm_maybe_autostart
 .text.do_bootvx_fdt
                0x00000000178084fc      0x10c common/built-in.o
                0x00000000178084fc                do_bootvx_fdt
 .text.do_bootm_vxworks
                0x0000000017808608       0x24 common/built-in.o
 .text.do_bootz
                0x000000001780862c       0xfc common/built-in.o
                0x000000001780862c                do_bootz
 .text.do_help  0x0000000017808728       0x48 common/built-in.o
 .text.do_version
                0x0000000017808770       0x38 common/built-in.o
 .text.env_attr_walk
                0x00000000178087a8      0x110 common/built-in.o
                0x00000000178087a8                env_attr_walk
 .text.env_attr_lookup
                0x00000000178088b8      0x184 common/built-in.o
                0x00000000178088b8                env_attr_lookup
 .text.clear_callback
                0x0000000017808a3c       0x10 common/built-in.o
 .text.find_env_callback
                0x0000000017808a4c       0x64 common/built-in.o
 .text.on_callbacks
                0x0000000017808ab0       0x48 common/built-in.o
 .text.set_callback
                0x0000000017808af8       0x94 common/built-in.o
 .text.env_callback_init
                0x0000000017808b8c       0xc4 common/built-in.o
                0x0000000017808b8c                env_callback_init
 .text.skip_num
                0x0000000017808c50       0x74 common/built-in.o
 .text.clear_flags
                0x0000000017808cc4       0x10 common/built-in.o
 .text.on_flags
                0x0000000017808cd4       0x48 common/built-in.o
 .text.env_flags_parse_vartype
                0x0000000017808d1c       0x50 common/built-in.o
                0x0000000017808d1c                env_flags_parse_vartype
 .text.env_flags_parse_varaccess
                0x0000000017808d6c       0x58 common/built-in.o
                0x0000000017808d6c                env_flags_parse_varaccess
 .text.set_flags
                0x0000000017808dc4       0xac common/built-in.o
 .text.env_flags_init
                0x0000000017808e70       0xd8 common/built-in.o
                0x0000000017808e70                env_flags_init
 .text.env_flags_validate
                0x0000000017808f48      0x308 common/built-in.o
                0x0000000017808f48                env_flags_validate
 .text.saveenv  0x0000000017809250       0xdc common/built-in.o
                0x0000000017809250                saveenv
 .text.env_relocate_spec
                0x000000001780932c       0xc8 common/built-in.o
                0x000000001780932c                env_relocate_spec
 .text.env_init
                0x00000000178093f4       0x1c common/built-in.o
                0x00000000178093f4                env_init
 .text.source   0x0000000017809410       0xdc common/built-in.o
                0x0000000017809410                source
 .text.do_source
                0x00000000178094ec       0x44 common/built-in.o
                0x00000000178094ec                do_source
 .text.print_num
                0x0000000017809530       0x18 common/built-in.o
 .text.do_bdinfo
                0x0000000017809548      0x18c common/built-in.o
                0x0000000017809548                do_bdinfo
 .text.do_bmp   0x00000000178096d4       0x54 common/built-in.o
 .text.do_bmp_info
                0x0000000017809728       0xfc common/built-in.o
 .text.bmp_display
                0x0000000017809824       0x38 common/built-in.o
                0x0000000017809824                bmp_display
 .text.do_bmp_display
                0x000000001780985c       0xa4 common/built-in.o
 .text.parse_argv
                0x0000000017809900       0x60 common/built-in.o
 .text.do_icache
                0x0000000017809960       0x88 common/built-in.o
                0x0000000017809960                do_icache
 .text.do_dcache
                0x00000000178099e8       0x88 common/built-in.o
                0x00000000178099e8                do_dcache
 .text.do_coninfo
                0x0000000017809a70       0xbc common/built-in.o
 .text.do_echo  0x0000000017809b2c       0xb0 common/built-in.o
 .text.do_exit  0x0000000017809bdc       0x30 common/built-in.o
 .text.do_ext2ls
                0x0000000017809c0c       0x18 common/built-in.o
                0x0000000017809c0c                do_ext2ls
 .text.do_ext2load
                0x0000000017809c24       0x18 common/built-in.o
                0x0000000017809c24                do_ext2load
 .text.do_fat_fsload
                0x0000000017809c3c       0x18 common/built-in.o
                0x0000000017809c3c                do_fat_fsload
 .text.do_fat_ls
                0x0000000017809c54       0x18 common/built-in.o
 .text.do_fat_fsinfo
                0x0000000017809c6c       0x90 common/built-in.o
 .text.fdt_valid
                0x0000000017809cfc       0xbc common/built-in.o
 .text.is_printable_string
                0x0000000017809db8       0x88 common/built-in.o
 .text.print_data
                0x0000000017809e40      0x170 common/built-in.o
 .text.set_working_fdt_addr
                0x0000000017809fb0       0x1c common/built-in.o
                0x0000000017809fb0                set_working_fdt_addr
 .text.do_fdt   0x0000000017809fcc      0xe88 common/built-in.o
 .text.write_cell
                0x000000001780ae54       0x4c common/built-in.o
 .text.get_cells_len
                0x000000001780aea0       0x3c common/built-in.o
 .text.fdt_find_and_setprop
                0x000000001780aedc       0x70 common/built-in.o
                0x000000001780aedc                fdt_find_and_setprop
 .text.fdt_initrd
                0x000000001780af4c      0x1e4 common/built-in.o
                0x000000001780af4c                fdt_initrd
 .text.fdt_chosen
                0x000000001780b130      0x114 common/built-in.o
                0x000000001780b130                fdt_chosen
 .text.do_fixup_by_path
                0x000000001780b244       0x54 common/built-in.o
                0x000000001780b244                do_fixup_by_path
 .text.fdt_fixup_memory_banks
                0x000000001780b298      0x1a8 common/built-in.o
                0x000000001780b298                fdt_fixup_memory_banks
 .text.fdt_fixup_memory
                0x000000001780b440       0x24 common/built-in.o
                0x000000001780b440                fdt_fixup_memory
 .text.fdt_fixup_ethernet
                0x000000001780b464      0x12c common/built-in.o
                0x000000001780b464                fdt_fixup_ethernet
 .text.fdt_resize
                0x000000001780b590       0xd0 common/built-in.o
                0x000000001780b590                fdt_resize
 .text.do_flinfo
                0x000000001780b660        0x8 common/built-in.o
 .text.do_flerase
                0x000000001780b668        0x8 common/built-in.o
 .text.do_protect
                0x000000001780b670       0x10 common/built-in.o
 .text.do_load_wrapper
                0x000000001780b680       0x18 common/built-in.o
                0x000000001780b680                do_load_wrapper
 .text.do_ls_wrapper
                0x000000001780b698       0x18 common/built-in.o
                0x000000001780b698                do_ls_wrapper
 .text.strtou32
                0x000000001780b6b0       0x4c common/built-in.o
 .text.do_fuse  0x000000001780b6fc      0x364 common/built-in.o
 .text.do_gettime
                0x000000001780ba60       0x6c common/built-in.o
 .text.get_alen
                0x000000001780bacc       0x3c common/built-in.o
 .text.do_i2c_bus_num
                0x000000001780bb08       0xb8 common/built-in.o
                0x000000001780bb08                do_i2c_bus_num
 .text.do_i2c   0x000000001780bbc0       0x64 common/built-in.o
 .text.do_i2c_reset
                0x000000001780bc24       0x30 common/built-in.o
 .text.do_i2c_mw
                0x000000001780bc54       0xec common/built-in.o
 .text.do_i2c_read
                0x000000001780bd40       0xb0 common/built-in.o
 .text.do_i2c_probe
                0x000000001780bdf0       0x9c common/built-in.o
 .text.do_i2c_md
                0x000000001780be8c      0x1d4 common/built-in.o
 .text.do_i2c_crc
                0x000000001780c060      0x118 common/built-in.o
 .text.do_i2c_show_bus
                0x000000001780c178       0xdc common/built-in.o
                0x000000001780c178                do_i2c_show_bus
 .text.do_i2c_bus_speed
                0x000000001780c254       0x74 common/built-in.o
 .text.do_i2c_write
                0x000000001780c2c8       0xf0 common/built-in.o
 .text.do_i2c_loop
                0x000000001780c3b8       0xd8 common/built-in.o
 .text.mod_i2c_mem.isra.4
                0x000000001780c490      0x1e4 common/built-in.o
 .text.do_i2c_nm
                0x000000001780c674        0x8 common/built-in.o
 .text.do_i2c_mm
                0x000000001780c67c        0x8 common/built-in.o
 .text.i2c_init_board
                0x000000001780c684        0x4 common/built-in.o
                0x000000001780c684                i2c_init_board
 .text.evalexp  0x000000001780c688       0x74 common/built-in.o
 .text.evalstr  0x000000001780c6fc       0x6c common/built-in.o
 .text.binary_test
                0x000000001780c768      0x1b4 common/built-in.o
 .text.do_itest
                0x000000001780c91c       0x98 common/built-in.o
 .text.bin_data_init
                0x000000001780c9b4       0x2c common/built-in.o
 .text.k_data_save
                0x000000001780c9e0       0x4c common/built-in.o
 .text.k_data_restore
                0x000000001780ca2c       0x4c common/built-in.o
 .text.getcxmodem
                0x000000001780ca78       0x20 common/built-in.o
 .text.load_serial_ymodem
                0x000000001780ca98       0xcc common/built-in.o
 .text.bin_data_char
                0x000000001780cb64       0x2c common/built-in.o
 .text.chk1.constprop.1
                0x000000001780cb90       0x2c common/built-in.o
 .text.s1_sendpacket.constprop.2
                0x000000001780cbbc       0x50 common/built-in.o
 .text.load_serial
                0x000000001780cc0c      0x1f8 common/built-in.o
 .text.do_load_serial
                0x000000001780ce04       0xdc common/built-in.o
 .text.do_load_serial_bin
                0x000000001780cee0      0x798 common/built-in.o
 .text.do_mem_mw
                0x000000001780d678       0xc0 common/built-in.o
 .text.do_mem_loop
                0x000000001780d738      0x104 common/built-in.o
 .text.do_mem_md
                0x000000001780d83c       0xe8 common/built-in.o
 .text.do_mem_cmp
                0x000000001780d924      0x170 common/built-in.o
 .text.do_mem_base
                0x000000001780da94       0x40 common/built-in.o
 .text.do_mem_cp
                0x000000001780dad4       0xd8 common/built-in.o
 .text.do_mem_crc
                0x000000001780dbac       0x4c common/built-in.o
 .text.mod_mem.isra.2
                0x000000001780dbf8      0x168 common/built-in.o
 .text.do_mem_mm
                0x000000001780dd60        0x8 common/built-in.o
 .text.do_mem_nm
                0x000000001780dd68        0x8 common/built-in.o
 .text.do_mem_mtest
                0x000000001780dd70      0x4d0 common/built-in.o
 .text.board_show_dram
                0x000000001780e240       0x2c common/built-in.o
                0x000000001780e240                board_show_dram
 .text.do_mem_info
                0x000000001780e26c       0x14 common/built-in.o
 .text.miiphy_get_dev_by_name
                0x000000001780e280       0x5c common/built-in.o
                0x000000001780e280                miiphy_get_dev_by_name
 .text.miiphy_init
                0x000000001780e2dc       0x24 common/built-in.o
                0x000000001780e2dc                miiphy_init
 .text.mdio_alloc
                0x000000001780e300       0x30 common/built-in.o
                0x000000001780e300                mdio_alloc
 .text.mdio_register
                0x000000001780e330       0x8c common/built-in.o
                0x000000001780e330                mdio_register
 .text.mdio_list_devices
                0x000000001780e3bc       0x9c common/built-in.o
                0x000000001780e3bc                mdio_list_devices
 .text.miiphy_set_current_dev
                0x000000001780e458       0x40 common/built-in.o
                0x000000001780e458                miiphy_set_current_dev
 .text.miiphy_get_active_dev
                0x000000001780e498       0x54 common/built-in.o
 .text.mdio_get_current_dev
                0x000000001780e4ec       0x10 common/built-in.o
                0x000000001780e4ec                mdio_get_current_dev
 .text.mdio_phydev_for_ethname
                0x000000001780e4fc       0x8c common/built-in.o
                0x000000001780e4fc                mdio_phydev_for_ethname
 .text.miiphy_get_current_dev
                0x000000001780e588       0x18 common/built-in.o
                0x000000001780e588                miiphy_get_current_dev
 .text.miiphy_read
                0x000000001780e5a0       0x4c common/built-in.o
                0x000000001780e5a0                miiphy_read
 .text.miiphy_write
                0x000000001780e5ec       0x40 common/built-in.o
                0x000000001780e5ec                miiphy_write
 .text.miiphy_listdev
                0x000000001780e62c       0x74 common/built-in.o
                0x000000001780e62c                miiphy_listdev
 .text.miiphy_info
                0x000000001780e6a0       0x88 common/built-in.o
                0x000000001780e6a0                miiphy_info
 .text.miiphy_speed
                0x000000001780e728       0x90 common/built-in.o
                0x000000001780e728                miiphy_speed
 .text.miiphy_duplex
                0x000000001780e7b8       0x90 common/built-in.o
                0x000000001780e7b8                miiphy_duplex
 .text.miiphy_is_1000base_x
                0x000000001780e848        0x8 common/built-in.o
                0x000000001780e848                miiphy_is_1000base_x
 .text.extract_range
                0x000000001780e850       0xe0 common/built-in.o
 .text.do_mii   0x000000001780e930      0x7a4 common/built-in.o
 .text.do_mdio  0x000000001780f0d4      0x4c0 common/built-in.o
 .text.do_sleep
                0x000000001780f594       0x70 common/built-in.o
 .text.do_mmcops
                0x000000001780f604       0xb4 common/built-in.o
 .text.init_mmc_device
                0x000000001780f6b8       0x54 common/built-in.o
 .text.do_mmc_rescan
                0x000000001780f70c       0x24 common/built-in.o
 .text.do_mmc_list
                0x000000001780f730       0x14 common/built-in.o
 .text.do_mmc_dev
                0x000000001780f744      0x134 common/built-in.o
 .text.do_mmc_part
                0x000000001780f878       0x5c common/built-in.o
 .text.do_mmc_erase
                0x000000001780f8d4       0xe8 common/built-in.o
 .text.do_mmc_write
                0x000000001780f9bc      0x100 common/built-in.o
 .text.do_mmc_read
                0x000000001780fabc       0xec common/built-in.o
 .text.do_mmcinfo
                0x000000001780fba8      0x170 common/built-in.o
 .text.do_mmc_setdsr
                0x000000001780fd18       0xb0 common/built-in.o
 .text.netboot_common
                0x000000001780fdc8      0x2a0 common/built-in.o
 .text.do_bootp
                0x0000000017810068        0xc common/built-in.o
 .text.do_dhcp  0x0000000017810074        0xc common/built-in.o
 .text.do_nfs   0x0000000017810080        0xc common/built-in.o
 .text.do_tftpb
                0x000000001781008c       0x40 common/built-in.o
                0x000000001781008c                do_tftpb
 .text.do_ping  0x00000000178100cc       0x7c common/built-in.o
 .text.pci_cfg_write
                0x0000000017810148       0x3c common/built-in.o
 .text.pci_cfg_modify.isra.0
                0x0000000017810184      0x128 common/built-in.o
 .text.pci_header_show_brief
                0x00000000178102ac       0x80 common/built-in.o
                0x00000000178102ac                pci_header_show_brief
 .text.pci_header_show
                0x000000001781032c      0x8f0 common/built-in.o
                0x000000001781032c                pci_header_show
 .text.pciinfo  0x0000000017810c1c      0x130 common/built-in.o
                0x0000000017810c1c                pciinfo
 .text.do_pci   0x0000000017810d4c      0x3c4 common/built-in.o
 .text.__sata_initialize
                0x0000000017811110       0xb0 common/built-in.o
                0x0000000017811110                sata_initialize
                0x0000000017811110                __sata_initialize
 .text.do_sata  0x00000000178111c0      0x3ac common/built-in.o
 .text.sata_get_dev
                0x000000001781156c       0x1c common/built-in.o
                0x000000001781156c                sata_get_dev
 .text.bytes_per_second
                0x0000000017811588       0x50 common/built-in.o
 .text.do_spi_flash
                0x00000000178115d8      0x790 common/built-in.o
 .text.get_arg  0x0000000017811d68       0x58 common/built-in.o
 .text.do_setexpr
                0x0000000017811dc0      0x140 common/built-in.o
 .text.do_spi   0x0000000017811f00      0x264 common/built-in.o
                0x0000000017811f00                do_spi
 .text.do_time  0x0000000017812164       0xd4 common/built-in.o
 .text.do_false
                0x0000000017812238        0x8 common/built-in.o
 .text.do_true  0x0000000017812240        0x8 common/built-in.o
 .text.do_test  0x0000000017812248      0x34c common/built-in.o
 .text.usb_get_class_desc
                0x0000000017812594       0xbc common/built-in.o
 .text.usb_display_class_sub
                0x0000000017812650      0x180 common/built-in.o
 .text.usb_find_device
                0x00000000178127d0       0x3c common/built-in.o
 .text.usb_show_tree_graph
                0x000000001781280c      0x218 common/built-in.o
 .text.usb_display_string
                0x0000000017812a24       0x44 common/built-in.o
 .text.usb_display_config
                0x0000000017812a68      0x214 common/built-in.o
 .text.do_usbboot
                0x0000000017812c7c        0xc common/built-in.o
 .text.usb_display_desc.part.1
                0x0000000017812c88      0x12c common/built-in.o
 .text.do_usb   0x0000000017812db4      0x784 common/built-in.o
 .text.usb_set_maxpacket_ep
                0x0000000017813538       0x68 common/built-in.o
 .text.usb_stop
                0x00000000178135a0       0x80 common/built-in.o
                0x00000000178135a0                usb_stop
 .text.usb_disable_asynch
                0x0000000017813620       0x20 common/built-in.o
                0x0000000017813620                usb_disable_asynch
 .text.usb_control_msg
                0x0000000017813640       0xc0 common/built-in.o
                0x0000000017813640                usb_control_msg
 .text.usb_get_descriptor
                0x0000000017813700       0x50 common/built-in.o
 .text.usb_get_string
                0x0000000017813750       0x6c common/built-in.o
 .text.usb_string_sub
                0x00000000178137bc      0x10c common/built-in.o
 .text.usb_bulk_msg
                0x00000000178138c8       0x74 common/built-in.o
                0x00000000178138c8                usb_bulk_msg
 .text.usb_maxpacket
                0x000000001781393c       0x1c common/built-in.o
                0x000000001781393c                usb_maxpacket
 .text.usb_clear_halt
                0x0000000017813958       0x90 common/built-in.o
                0x0000000017813958                usb_clear_halt
 .text.usb_get_configuration_no
                0x00000000178139e8       0xbc common/built-in.o
                0x00000000178139e8                usb_get_configuration_no
 .text.usb_set_interface
                0x0000000017813aa4       0xb0 common/built-in.o
                0x0000000017813aa4                usb_set_interface
 .text.usb_string
                0x0000000017813b54      0x104 common/built-in.o
                0x0000000017813b54                usb_string
 .text.usb_get_dev_index
                0x0000000017813c58       0x24 common/built-in.o
                0x0000000017813c58                usb_get_dev_index
 .text.usb_alloc_new_device
                0x0000000017813c7c       0x8c common/built-in.o
                0x0000000017813c7c                usb_alloc_new_device
 .text.usb_free_device
                0x0000000017813d08       0x48 common/built-in.o
                0x0000000017813d08                usb_free_device
 .text.usb_alloc_device
                0x0000000017813d50        0x8 common/built-in.o
                0x0000000017813d50                usb_alloc_device
 .text.usb_new_device
                0x0000000017813d58      0x614 common/built-in.o
                0x0000000017813d58                usb_new_device
 .text.usb_init
                0x000000001781436c      0x12c common/built-in.o
                0x000000001781436c                usb_init
 .text.usb_set_port_feature
                0x0000000017814498       0x4c common/built-in.o
 .text.usb_get_port_status
                0x00000000178144e4       0x4c common/built-in.o
 .text.usb_clear_port_feature
                0x0000000017814530       0x4c common/built-in.o
 .text.usb_hub_power_on
                0x000000001781457c       0xb4 common/built-in.o
 .text.usb_get_hub_descriptor
                0x0000000017814630       0x50 common/built-in.o
 .text.usb_hub_reset_devices
                0x0000000017814680        0x4 common/built-in.o
                0x0000000017814680                usb_hub_reset_devices
 .text.usb_hub_reset
                0x0000000017814684       0x14 common/built-in.o
                0x0000000017814684                usb_hub_reset
 .text.hub_port_reset
                0x0000000017814698       0xac common/built-in.o
                0x0000000017814698                hub_port_reset
 .text.usb_hub_port_connect_change
                0x0000000017814744      0x120 common/built-in.o
                0x0000000017814744                usb_hub_port_connect_change
 .text.usb_hub_configure
                0x0000000017814864      0x2d8 common/built-in.o
 .text.usb_hub_probe
                0x0000000017814b3c       0x58 common/built-in.o
                0x0000000017814b3c                usb_hub_probe
 .text.usb_stor_irq
                0x0000000017814b94       0x1c common/built-in.o
 .text.usb_stor_BBB_reset
                0x0000000017814bb0       0xd4 common/built-in.o
 .text.usb_stor_CB_reset
                0x0000000017814c84       0xcc common/built-in.o
 .text.usb_stor_BBB_clear_endpt_stall.isra.2
                0x0000000017814d50       0x40 common/built-in.o
 .text.usb_stor_BBB_transport
                0x0000000017814d90      0x25c common/built-in.o
 .text.usb_stor_CB_comdat
                0x0000000017814fec      0x200 common/built-in.o
 .text.usb_stor_CBI_get_status.isra.4
                0x00000000178151ec       0xc4 common/built-in.o
 .text.usb_stor_CB_transport
                0x00000000178152b0      0x220 common/built-in.o
 .text.usb_request_sense.constprop.9
                0x00000000178154d0       0x70 common/built-in.o
 .text.usb_stor_write
                0x0000000017815540      0x1ac common/built-in.o
                0x0000000017815540                usb_stor_write
 .text.usb_stor_read
                0x00000000178156ec      0x1ac common/built-in.o
                0x00000000178156ec                usb_stor_read
 .text.usb_stor_get_dev
                0x0000000017815898       0x28 common/built-in.o
                0x0000000017815898                usb_stor_get_dev
 .text.usb_stor_info
                0x00000000178158c0       0x74 common/built-in.o
                0x00000000178158c0                usb_stor_info
 .text.usb_storage_probe
                0x0000000017815934      0x200 common/built-in.o
                0x0000000017815934                usb_storage_probe
 .text.usb_stor_get_info
                0x0000000017815b34      0x31c common/built-in.o
                0x0000000017815b34                usb_stor_get_info
 .text.usb_stor_scan
                0x0000000017815e50      0x1e4 common/built-in.o
                0x0000000017815e50                usb_stor_scan
 .text.do_imgextract
                0x0000000017816034      0x284 common/built-in.o
 .text.iomux_doenv
                0x00000000178162b8      0x1c0 common/built-in.o
                0x00000000178162b8                iomux_doenv
 .text.__splash_screen_prepare
                0x0000000017816478        0x8 common/built-in.o
                0x0000000017816478                splash_screen_prepare
                0x0000000017816478                __splash_screen_prepare
 .text.do_env_delete
                0x0000000017816480       0xa4 common/built-in.o
 .text.do_env_save
                0x0000000017816524       0x2c common/built-in.o
 .text.do_env   0x0000000017816550       0x64 common/built-in.o
 .text.env_print
                0x00000000178165b4       0xc0 common/built-in.o
 .text.do_env_print
                0x0000000017816674       0xc4 common/built-in.o
 .text.do_env_import
                0x0000000017816738      0x25c common/built-in.o
 .text.do_env_default
                0x0000000017816994       0xac common/built-in.o
 .text._do_env_set.isra.1
                0x0000000017816a40      0x1c4 common/built-in.o
 .text.do_env_set
                0x0000000017816c04       0x1c common/built-in.o
 .text.get_env_id
                0x0000000017816c20       0x10 common/built-in.o
                0x0000000017816c20                get_env_id
 .text.setenv   0x0000000017816c30       0x58 common/built-in.o
                0x0000000017816c30                setenv
 .text.setenv_ulong
                0x0000000017816c88       0x20 common/built-in.o
                0x0000000017816c88                setenv_ulong
 .text.setenv_hex
                0x0000000017816ca8       0x34 common/built-in.o
                0x0000000017816ca8                setenv_hex
 .text.do_env_export
                0x0000000017816cdc      0x270 common/built-in.o
 .text.envmatch
                0x0000000017816f4c       0x78 common/built-in.o
                0x0000000017816f4c                envmatch
 .text.getenv_f
                0x0000000017816fc4       0xc4 common/built-in.o
                0x0000000017816fc4                getenv_f
 .text.getenv   0x0000000017817088       0x78 common/built-in.o
                0x0000000017817088                getenv
 .text.getenv_hex
                0x0000000017817100       0x3c common/built-in.o
                0x0000000017817100                getenv_hex
 .text.getenv_ulong
                0x000000001781713c       0x30 common/built-in.o
                0x000000001781713c                getenv_ulong
 .text.do_env_edit
                0x000000001781716c       0x78 common/built-in.o
 .text.__env_get_char_spec
                0x00000000178171e4        0xc common/built-in.o
                0x00000000178171e4                env_get_char_spec
 .text.env_get_addr
                0x00000000178171f0       0x20 common/built-in.o
                0x00000000178171f0                env_get_addr
 .text.env_get_char_memory
                0x0000000017817210       0x10 common/built-in.o
                0x0000000017817210                env_get_char_memory
 .text.env_get_char
                0x0000000017817220       0x30 common/built-in.o
                0x0000000017817220                env_get_char
 .text.getenv_yesno
                0x0000000017817250       0x48 common/built-in.o
                0x0000000017817250                getenv_yesno
 .text.getenv_default
                0x0000000017817298       0x30 common/built-in.o
                0x0000000017817298                getenv_default
 .text.set_default_env
                0x00000000178172c8       0xbc common/built-in.o
                0x00000000178172c8                set_default_env
 .text.set_default_vars
                0x0000000017817384       0x34 common/built-in.o
                0x0000000017817384                set_default_vars
 .text.env_import
                0x00000000178173b8       0xdc common/built-in.o
                0x00000000178173b8                env_import
 .text.env_export
                0x0000000017817494       0xa0 common/built-in.o
                0x0000000017817494                env_export
 .text.env_relocate
                0x0000000017817534       0x30 common/built-in.o
                0x0000000017817534                env_relocate
 .text.env_complete
                0x0000000017817564       0xdc common/built-in.o
                0x0000000017817564                env_complete
 .text.console_tstc
                0x0000000017817640       0x84 common/built-in.o
 .text.console_putc
                0x00000000178176c4       0x54 common/built-in.o
 .text.console_puts
                0x0000000017817718       0x54 common/built-in.o
 .text.serial_printf
                0x000000001781776c       0x44 common/built-in.o
                0x000000001781776c                serial_printf
 .text.fgetc    0x00000000178177b0       0x54 common/built-in.o
                0x00000000178177b0                fgetc
 .text.getc     0x0000000017817804       0x24 common/built-in.o
                0x0000000017817804                getc
 .text.tstc     0x0000000017817828       0x24 common/built-in.o
                0x0000000017817828                tstc
 .text.putc     0x000000001781784c       0x28 common/built-in.o
                0x000000001781784c                putc
 .text.puts     0x0000000017817874       0x28 common/built-in.o
                0x0000000017817874                puts
 .text.printf   0x000000001781789c       0x50 common/built-in.o
                0x000000001781789c                printf
 .text.on_console
                0x00000000178178ec       0xbc common/built-in.o
 .text.vprintf  0x00000000178179a8       0x40 common/built-in.o
                0x00000000178179a8                vprintf
 .text.ctrlc    0x00000000178179e8       0x58 common/built-in.o
                0x00000000178179e8                ctrlc
 .text.confirm_yesno
                0x0000000017817a40       0xd4 common/built-in.o
                0x0000000017817a40                confirm_yesno
 .text.had_ctrlc
                0x0000000017817b14       0x10 common/built-in.o
                0x0000000017817b14                had_ctrlc
 .text.clear_ctrlc
                0x0000000017817b24       0x14 common/built-in.o
                0x0000000017817b24                clear_ctrlc
 .text.search_device
                0x0000000017817b38       0x28 common/built-in.o
                0x0000000017817b38                search_device
 .text.console_assign
                0x0000000017817b60       0xc0 common/built-in.o
                0x0000000017817b60                console_assign
 .text.console_init_f
                0x0000000017817c20       0x10 common/built-in.o
                0x0000000017817c20                console_init_f
 .text.stdio_print_current_devices
                0x0000000017817c30       0xb0 common/built-in.o
                0x0000000017817c30                stdio_print_current_devices
 .text.console_init_r
                0x0000000017817ce0      0x19c common/built-in.o
                0x0000000017817ce0                console_init_r
 .text.sbrk     0x0000000017817e7c       0x70 common/built-in.o
                0x0000000017817e7c                sbrk
 .text.mem_malloc_init
                0x0000000017817eec       0x34 common/built-in.o
                0x0000000017817eec                mem_malloc_init
 .text.malloc_trim
                0x0000000017817f20       0xcc common/built-in.o
                0x0000000017817f20                malloc_trim
 .text.free     0x0000000017817fec      0x230 common/built-in.o
                0x0000000017817fec                free
 .text.malloc   0x000000001781821c      0x5dc common/built-in.o
                0x000000001781821c                malloc
 .text.calloc   0x00000000178187f8       0xdc common/built-in.o
                0x00000000178187f8                calloc
 .text.realloc  0x00000000178188d4      0x4c0 common/built-in.o
                0x00000000178188d4                realloc
 .text.memalign
                0x0000000017818d94      0x10c common/built-in.o
                0x0000000017818d94                memalign
 .text.on_loadaddr
                0x0000000017818ea0       0x38 common/built-in.o
 .text.image_check_hcrc
                0x0000000017818ed8       0x4c common/built-in.o
                0x0000000017818ed8                image_check_hcrc
 .text.image_check_dcrc
                0x0000000017818f24       0x38 common/built-in.o
                0x0000000017818f24                image_check_dcrc
 .text.image_multi_count
                0x0000000017818f5c       0x1c common/built-in.o
                0x0000000017818f5c                image_multi_count
 .text.image_multi_getimg
                0x0000000017818f78       0x84 common/built-in.o
                0x0000000017818f78                image_multi_getimg
 .text.getenv_bootm_low
                0x0000000017818ffc       0x30 common/built-in.o
                0x0000000017818ffc                getenv_bootm_low
 .text.getenv_bootm_size
                0x000000001781902c       0x5c common/built-in.o
                0x000000001781902c                getenv_bootm_size
 .text.getenv_bootm_mapsize
                0x0000000017819088       0x30 common/built-in.o
                0x0000000017819088                getenv_bootm_mapsize
 .text.memmove_wd
                0x00000000178190b8        0xc common/built-in.o
                0x00000000178190b8                memmove_wd
 .text.genimg_print_size
                0x00000000178190c4       0x30 common/built-in.o
                0x00000000178190c4                genimg_print_size
 .text.get_table_entry_name
                0x00000000178190f4       0x2c common/built-in.o
                0x00000000178190f4                get_table_entry_name
 .text.genimg_get_os_name
                0x0000000017819120       0x18 common/built-in.o
                0x0000000017819120                genimg_get_os_name
 .text.genimg_get_arch_name
                0x0000000017819138       0x18 common/built-in.o
                0x0000000017819138                genimg_get_arch_name
 .text.genimg_get_type_name
                0x0000000017819150       0x18 common/built-in.o
                0x0000000017819150                genimg_get_type_name
 .text.genimg_get_comp_name
                0x0000000017819168       0x18 common/built-in.o
                0x0000000017819168                genimg_get_comp_name
 .text.image_print_contents
                0x0000000017819180      0x16c common/built-in.o
                0x0000000017819180                image_print_contents
 .text.genimg_get_format
                0x00000000178192ec       0x38 common/built-in.o
                0x00000000178192ec                genimg_get_format
 .text.genimg_get_image
                0x0000000017819324        0x4 common/built-in.o
                0x0000000017819324                genimg_get_image
 .text.genimg_has_config
                0x0000000017819328        0x8 common/built-in.o
                0x0000000017819328                genimg_has_config
 .text.boot_get_ramdisk
                0x0000000017819330      0x270 common/built-in.o
                0x0000000017819330                boot_get_ramdisk
 .text.boot_ramdisk_high
                0x00000000178195a0      0x128 common/built-in.o
                0x00000000178195a0                boot_ramdisk_high
 .text.image_setup_linux
                0x00000000178196c8       0x8c common/built-in.o
                0x00000000178196c8                image_setup_linux
 .text.fdt_error
                0x0000000017819754       0x2c common/built-in.o
 .text.boot_fdt_add_mem_rsv_regions
                0x0000000017819780       0x88 common/built-in.o
                0x0000000017819780                boot_fdt_add_mem_rsv_regions
 .text.boot_relocate_fdt
                0x0000000017819808      0x194 common/built-in.o
                0x0000000017819808                boot_relocate_fdt
 .text.boot_get_fdt
                0x000000001781999c      0x270 common/built-in.o
                0x000000001781999c                boot_get_fdt
 .text.ft_verify_fdt
                0x0000000017819c0c        0x8 common/built-in.o
                0x0000000017819c0c                ft_verify_fdt
 .text.image_setup_libfdt
                0x0000000017819c14       0xd8 common/built-in.o
                0x0000000017819c14                image_setup_libfdt
 .text.get_effective_memsize
                0x0000000017819cec        0x8 common/built-in.o
                0x0000000017819cec                get_effective_memsize
 .text.nulldev_putc
                0x0000000017819cf4        0x4 common/built-in.o
                0x0000000017819cf4                nulldev_putc
 .text.nulldev_puts
                0x0000000017819cf8        0x4 common/built-in.o
                0x0000000017819cf8                nulldev_puts
 .text.nulldev_input
                0x0000000017819cfc        0x8 common/built-in.o
                0x0000000017819cfc                nulldev_input
 .text.stdio_get_list
                0x0000000017819d04        0xc common/built-in.o
                0x0000000017819d04                stdio_get_list
 .text.stdio_get_by_name
                0x0000000017819d10       0x4c common/built-in.o
                0x0000000017819d10                stdio_get_by_name
 .text.stdio_clone
                0x0000000017819d5c       0x40 common/built-in.o
                0x0000000017819d5c                stdio_clone
 .text.stdio_register
                0x0000000017819d9c       0x3c common/built-in.o
                0x0000000017819d9c                stdio_register
 .text.stdio_init
                0x0000000017819dd8       0xf0 common/built-in.o
                0x0000000017819dd8                stdio_init
 .text.get_dev_hwpart
                0x0000000017819ec8       0xa4 disk/built-in.o
                0x0000000017819ec8                get_dev_hwpart
 .text.dev_print
                0x0000000017819f6c      0x250 disk/built-in.o
                0x0000000017819f6c                dev_print
 .text.init_part
                0x000000001781a1bc       0x20 disk/built-in.o
                0x000000001781a1bc                init_part
 .text.print_part
                0x000000001781a1dc       0xf8 disk/built-in.o
                0x000000001781a1dc                print_part
 .text.get_partition_info
                0x000000001781a2d4       0x28 disk/built-in.o
                0x000000001781a2d4                get_partition_info
 .text.get_device
                0x000000001781a2fc      0x118 disk/built-in.o
                0x000000001781a2fc                get_device
 .text.get_device_and_partition
                0x000000001781a414      0x3f0 disk/built-in.o
                0x000000001781a414                get_device_and_partition
 .text.test_block_type
                0x000000001781a804       0x7c disk/built-in.o
 .text.print_partition_extended
                0x000000001781a880      0x25c disk/built-in.o
 .text.get_partition_info_extended.constprop.2
                0x000000001781aadc      0x2e8 disk/built-in.o
 .text.test_part_dos
                0x000000001781adc4       0x60 disk/built-in.o
                0x000000001781adc4                test_part_dos
 .text.print_part_dos
                0x000000001781ae24       0x34 disk/built-in.o
                0x000000001781ae24                print_part_dos
 .text.get_partition_info_dos
                0x000000001781ae58       0x20 disk/built-in.o
                0x000000001781ae58                get_partition_info_dos
 .text.generic_ffs.part.0
                0x000000001781ae78       0x48 drivers/built-in.o
 .text.ahci_exec_ata_cmd
                0x000000001781aec0      0x1f8 drivers/built-in.o
 .text.dwc_ahsata_rw_cmd_ext
                0x000000001781b0b8       0xdc drivers/built-in.o
 .text.dwc_ahsata_rw_cmd
                0x000000001781b194       0xc4 drivers/built-in.o
 .text.init_sata
                0x000000001781b258      0x544 drivers/built-in.o
                0x000000001781b258                init_sata
 .text.dwc_ahsata_flush_cache
                0x000000001781b79c       0x7c drivers/built-in.o
                0x000000001781b79c                dwc_ahsata_flush_cache
 .text.dwc_ahsata_flush_cache_ext
                0x000000001781b818       0x7c drivers/built-in.o
                0x000000001781b818                dwc_ahsata_flush_cache_ext
 .text.ata_low_level_rw_lba48
                0x000000001781b894       0x84 drivers/built-in.o
                0x000000001781b894                ata_low_level_rw_lba48
 .text.ata_low_level_rw_lba28
                0x000000001781b918       0x78 drivers/built-in.o
                0x000000001781b918                ata_low_level_rw_lba28
 .text.sata_read
                0x000000001781b990       0x40 drivers/built-in.o
                0x000000001781b990                sata_read
 .text.sata_write
                0x000000001781b9d0       0x7c drivers/built-in.o
                0x000000001781b9d0                sata_write
 .text.scan_sata
                0x000000001781ba4c      0x360 drivers/built-in.o
                0x000000001781ba4c                scan_sata
 .text.ata_id_n_sectors
                0x000000001781bdac       0x90 drivers/built-in.o
                0x000000001781bdac                ata_id_n_sectors
 .text.ata_id_c_string
                0x000000001781be3c       0x78 drivers/built-in.o
                0x000000001781be3c                ata_id_c_string
 .text.ata_swap_buf_le16
                0x000000001781beb4        0x4 drivers/built-in.o
                0x000000001781beb4                ata_swap_buf_le16
 .text.finish_access
                0x000000001781beb8       0x3c drivers/built-in.o
 .text.set_timing
                0x000000001781bef4       0xa8 drivers/built-in.o
 .text.prepare_access
                0x000000001781bf9c       0x78 drivers/built-in.o
 .text.fuse_read
                0x000000001781c014       0x68 drivers/built-in.o
                0x000000001781c014                fuse_read
 .text.fuse_sense
                0x000000001781c07c       0xac drivers/built-in.o
                0x000000001781c07c                fuse_sense
 .text.fuse_prog
                0x000000001781c128       0xa8 drivers/built-in.o
                0x000000001781c128                fuse_prog
 .text.fuse_override
                0x000000001781c1d0       0x5c drivers/built-in.o
                0x000000001781c1d0                fuse_override
 .text.video_drawchars
                0x000000001781c22c      0x47c drivers/built-in.o
 .text.draw_bitmap
                0x000000001781c6a8       0xe0 drivers/built-in.o
 .text.console_newline.constprop.3
                0x000000001781c788       0xf0 drivers/built-in.o
 .text.video_putc
                0x000000001781c878      0x190 drivers/built-in.o
                0x000000001781c878                video_putc
 .text.video_puts
                0x000000001781ca08       0x28 drivers/built-in.o
                0x000000001781ca08                video_puts
 .text.board_cfb_skip
                0x000000001781ca30        0x8 drivers/built-in.o
                0x000000001781ca30                board_cfb_skip
 .text.display_rle8_bitmap
                0x000000001781ca38      0x340 drivers/built-in.o
 .text.plot_logo_or_black
                0x000000001781cd78      0x1a8 drivers/built-in.o
 .text.do_clrlogo
                0x000000001781cf20       0x48 drivers/built-in.o
 .text.video_display_bitmap
                0x000000001781cf68      0x954 drivers/built-in.o
                0x000000001781cf68                video_display_bitmap
 .text.video_clear
                0x000000001781d8bc       0x54 drivers/built-in.o
                0x000000001781d8bc                video_clear
 .text.drv_video_init
                0x000000001781d910      0x360 drivers/built-in.o
                0x000000001781d910                drv_video_init
 .text.mxcfb_map_video_memory
                0x000000001781dc70       0x88 drivers/built-in.o
 .text.fb_videomode_to_var
                0x000000001781dcf8       0x70 drivers/built-in.o
                0x000000001781dcf8                fb_videomode_to_var
 .text.ipuv3_fb_shutdown
                0x000000001781dd68       0x60 drivers/built-in.o
                0x000000001781dd68                ipuv3_fb_shutdown
 .text.video_hw_init
                0x000000001781ddc8      0x59c drivers/built-in.o
                0x000000001781ddc8                video_hw_init
 .text.video_set_lut
                0x000000001781e364        0x4 drivers/built-in.o
                0x000000001781e364                video_set_lut
 .text.ipuv3_fb_init
                0x000000001781e368       0x2c drivers/built-in.o
                0x000000001781e368                ipuv3_fb_init
 .text.clk_ipu_enable
                0x000000001781e394       0x20 drivers/built-in.o
 .text.clk_ipu_disable
                0x000000001781e3b4       0x1c drivers/built-in.o
 .text.ipu_pixel_clk_recalc
                0x000000001781e3d0       0x44 drivers/built-in.o
 .text.ipu_pixel_clk_round_rate
                0x000000001781e414       0x7c drivers/built-in.o
 .text.ipu_pixel_clk_set_rate
                0x000000001781e490       0x68 drivers/built-in.o
 .text.ipu_pixel_clk_enable
                0x000000001781e4f8       0x28 drivers/built-in.o
 .text.ipu_pixel_clk_disable
                0x000000001781e520       0x24 drivers/built-in.o
 .text.ipu_pixel_clk_set_parent
                0x000000001781e544       0x88 drivers/built-in.o
 .text.clk_enable
                0x000000001781e5cc       0x24 drivers/built-in.o
                0x000000001781e5cc                clk_enable
 .text.clk_disable
                0x000000001781e5f0       0x30 drivers/built-in.o
                0x000000001781e5f0                clk_disable
 .text.clk_get_usecount
                0x000000001781e620        0xc drivers/built-in.o
                0x000000001781e620                clk_get_usecount
 .text.clk_get_rate
                0x000000001781e62c        0xc drivers/built-in.o
                0x000000001781e62c                clk_get_rate
 .text.clk_get_parent
                0x000000001781e638        0xc drivers/built-in.o
                0x000000001781e638                clk_get_parent
 .text.clk_set_rate
                0x000000001781e644       0x24 drivers/built-in.o
                0x000000001781e644                clk_set_rate
 .text.clk_round_rate
                0x000000001781e668       0x20 drivers/built-in.o
                0x000000001781e668                clk_round_rate
 .text.clk_set_parent
                0x000000001781e688       0x1c drivers/built-in.o
                0x000000001781e688                clk_set_parent
 .text.ipu_reset
                0x000000001781e6a4       0x50 drivers/built-in.o
                0x000000001781e6a4                ipu_reset
 .text.ipu_probe
                0x000000001781e6f4      0x110 drivers/built-in.o
                0x000000001781e6f4                ipu_probe
 .text.ipu_dump_registers
                0x000000001781e804        0x4 drivers/built-in.o
                0x000000001781e804                ipu_dump_registers
 .text.ipu_init_channel
                0x000000001781e808      0x1fc drivers/built-in.o
                0x000000001781e808                ipu_init_channel
 .text.ipu_uninit_channel
                0x000000001781ea04      0x220 drivers/built-in.o
                0x000000001781ea04                ipu_uninit_channel
 .text.ipu_enable_channel
                0x000000001781ec24       0xd4 drivers/built-in.o
                0x000000001781ec24                ipu_enable_channel
 .text.ipu_clear_buffer_ready
                0x000000001781ecf8       0x7c drivers/built-in.o
                0x000000001781ecf8                ipu_clear_buffer_ready
 .text.ipu_disable_channel
                0x000000001781ed74      0x180 drivers/built-in.o
                0x000000001781ed74                ipu_disable_channel
 .text.bytes_per_pixel
                0x000000001781eef4       0xe0 drivers/built-in.o
                0x000000001781eef4                bytes_per_pixel
 .text.ipu_init_channel_buffer
                0x000000001781efd4      0x5a8 drivers/built-in.o
                0x000000001781efd4                ipu_init_channel_buffer
 .text.format_to_colorspace
                0x000000001781f57c       0xbc drivers/built-in.o
                0x000000001781f57c                format_to_colorspace
 .text.ipu_dc_map_config
                0x000000001781f638       0x70 drivers/built-in.o
 .text.rgb_to_yuv
                0x000000001781f6a8       0x74 drivers/built-in.o
 .text.ipu_dc_link_event
                0x000000001781f71c      0x160 drivers/built-in.o
 .text.ipu_di_sync_config.constprop.2
                0x000000001781f87c       0xe8 drivers/built-in.o
 .text.ipu_dmfc_init
                0x000000001781f964      0x15c drivers/built-in.o
                0x000000001781f964                ipu_dmfc_init
 .text.ipu_dmfc_set_wait4eot
                0x000000001781fac0      0x130 drivers/built-in.o
                0x000000001781fac0                ipu_dmfc_set_wait4eot
 .text.ipu_dp_csc_setup
                0x000000001781fbf0      0x100 drivers/built-in.o
                0x000000001781fbf0                ipu_dp_csc_setup
 .text.ipu_dp_init
                0x000000001781fcf0      0x218 drivers/built-in.o
                0x000000001781fcf0                ipu_dp_init
 .text.ipu_dp_uninit
                0x000000001781ff08       0x94 drivers/built-in.o
                0x000000001781ff08                ipu_dp_uninit
 .text.ipu_dc_init
                0x000000001781ff9c      0x2c8 drivers/built-in.o
                0x000000001781ff9c                ipu_dc_init
 .text.ipu_dc_uninit
                0x0000000017820264      0x1b4 drivers/built-in.o
                0x0000000017820264                ipu_dc_uninit
 .text.ipu_dp_dc_enable
                0x0000000017820418      0x1f4 drivers/built-in.o
                0x0000000017820418                ipu_dp_dc_enable
 .text.ipu_dp_dc_disable
                0x000000001782060c      0x37c drivers/built-in.o
                0x000000001782060c                ipu_dp_dc_disable
 .text.ipu_init_dc_mappings
                0x0000000017820988      0x184 drivers/built-in.o
                0x0000000017820988                ipu_init_dc_mappings
 .text.ipu_pixfmt_to_map
                0x0000000017820b0c       0x98 drivers/built-in.o
                0x0000000017820b0c                ipu_pixfmt_to_map
 .text.adapt_panel_to_ipu_restricitions
                0x0000000017820ba4       0x74 drivers/built-in.o
                0x0000000017820ba4                adapt_panel_to_ipu_restricitions
 .text.ipu_init_sync_panel
                0x0000000017820c18      0x72c drivers/built-in.o
                0x0000000017820c18                ipu_init_sync_panel
 .text.ipu_disp_set_global_alpha
                0x0000000017821344      0x108 drivers/built-in.o
                0x0000000017821344                ipu_disp_set_global_alpha
 .text.ipu_disp_set_color_key
                0x000000001782144c      0x1a8 drivers/built-in.o
                0x000000001782144c                ipu_disp_set_color_key
 .text.reset_cpu
                0x00000000178215f4       0x28 drivers/built-in.o
                0x00000000178215f4                reset_cpu
 .text.gpio_set_value
                0x000000001782161c       0x44 drivers/gpio/built-in.o
                0x000000001782161c                gpio_set_value
 .text.gpio_get_value
                0x0000000017821660       0x34 drivers/gpio/built-in.o
                0x0000000017821660                gpio_get_value
 .text.gpio_direction_input
                0x0000000017821694       0x3c drivers/gpio/built-in.o
                0x0000000017821694                gpio_direction_input
 .text.gpio_direction_output
                0x00000000178216d0       0x50 drivers/gpio/built-in.o
                0x00000000178216d0                gpio_direction_output
 .text.i2c_get_adapter
                0x0000000017821720       0x64 drivers/i2c/built-in.o
                0x0000000017821720                i2c_get_adapter
 .text.i2c_init_bus
                0x0000000017821784       0x90 drivers/i2c/built-in.o
 .text.i2c_get_bus_num
                0x0000000017821814        0x8 drivers/i2c/built-in.o
                0x0000000017821814                i2c_get_bus_num
 .text.i2c_set_bus_num
                0x000000001782181c       0xbc drivers/i2c/built-in.o
                0x000000001782181c                i2c_set_bus_num
 .text.i2c_init_all
                0x00000000178218d8       0x14 drivers/i2c/built-in.o
                0x00000000178218d8                i2c_init_all
 .text.i2c_probe
                0x00000000178218ec       0x2c drivers/i2c/built-in.o
                0x00000000178218ec                i2c_probe
 .text.i2c_read
                0x0000000017821918       0x4c drivers/i2c/built-in.o
                0x0000000017821918                i2c_read
 .text.i2c_write
                0x0000000017821964       0x4c drivers/i2c/built-in.o
                0x0000000017821964                i2c_write
 .text.i2c_set_bus_speed
                0x00000000178219b0       0x64 drivers/i2c/built-in.o
                0x00000000178219b0                i2c_set_bus_speed
 .text.i2c_get_bus_speed
                0x0000000017821a14       0x14 drivers/i2c/built-in.o
                0x0000000017821a14                i2c_get_bus_speed
 .text.__i2c_init
                0x0000000017821a28       0x14 drivers/i2c/built-in.o
                0x0000000017821a28                __i2c_init
                0x0000000017821a28                i2c_init
 .text.wait_for_sr_state
                0x0000000017821a3c       0xb0 drivers/i2c/built-in.o
 .text.tx_byte  0x0000000017821aec       0x2c drivers/i2c/built-in.o
 .text.i2c_imx_get_clk
                0x0000000017821b18       0x6c drivers/i2c/built-in.o
 .text.i2c_imx_stop
                0x0000000017821b84       0x3c drivers/i2c/built-in.o
 .text.i2c_init_transfer
                0x0000000017821bc0      0x1dc drivers/i2c/built-in.o
 .text.mxc_i2c_set_bus_speed
                0x0000000017821d9c       0x44 drivers/i2c/built-in.o
 .text.bus_i2c_read
                0x0000000017821de0      0x110 drivers/i2c/built-in.o
                0x0000000017821de0                bus_i2c_read
 .text.mxc_i2c_read
                0x0000000017821ef0       0x14 drivers/i2c/built-in.o
 .text.bus_i2c_write
                0x0000000017821f04       0x50 drivers/i2c/built-in.o
                0x0000000017821f04                bus_i2c_write
 .text.mxc_i2c_write
                0x0000000017821f54       0x14 drivers/i2c/built-in.o
 .text.mxc_i2c_probe
                0x0000000017821f68       0x30 drivers/i2c/built-in.o
 .text.bus_i2c_init
                0x0000000017821f98       0x78 drivers/i2c/built-in.o
                0x0000000017821f98                bus_i2c_init
 .text.mxc_i2c_init
                0x0000000017822010       0x28 drivers/i2c/built-in.o
 .text.esdhc_getcd
                0x0000000017822038       0x40 drivers/mmc/built-in.o
 .text.esdhc_set_ios
                0x0000000017822078      0x110 drivers/mmc/built-in.o
 .text.esdhc_init
                0x0000000017822188       0x88 drivers/mmc/built-in.o
 .text.esdhc_send_cmd
                0x0000000017822210      0x37c drivers/mmc/built-in.o
 .text.fsl_esdhc_initialize
                0x000000001782258c      0x168 drivers/mmc/built-in.o
                0x000000001782258c                fsl_esdhc_initialize
 .text.fsl_esdhc_mmc_init
                0x00000000178226f4       0x34 drivers/mmc/built-in.o
                0x00000000178226f4                fsl_esdhc_mmc_init
 .text.mmc_set_ios
                0x0000000017822728       0x18 drivers/mmc/built-in.o
 .text.mmc_set_capacity
                0x0000000017822740       0xac drivers/mmc/built-in.o
 .text.board_mmc_getwp
                0x00000000178227ec        0x8 drivers/mmc/built-in.o
                0x00000000178227ec                board_mmc_getwp
 .text.mmc_getwp
                0x00000000178227f4       0x3c drivers/mmc/built-in.o
                0x00000000178227f4                mmc_getwp
 .text.mmc_send_cmd
                0x0000000017822830       0x10 drivers/mmc/built-in.o
                0x0000000017822830                mmc_send_cmd
 .text.mmc_go_idle
                0x0000000017822840       0x4c drivers/mmc/built-in.o
 .text.mmc_send_op_cond_iter
                0x000000001782288c       0x80 drivers/mmc/built-in.o
 .text.mmc_send_ext_csd
                0x000000001782290c       0x4c drivers/mmc/built-in.o
 .text.mmc_send_status
                0x0000000017822958       0xcc drivers/mmc/built-in.o
                0x0000000017822958                mmc_send_status
 .text.mmc_switch.isra.1
                0x0000000017822a24       0x54 drivers/mmc/built-in.o
 .text.mmc_set_blocklen
                0x0000000017822a78       0x40 drivers/mmc/built-in.o
                0x0000000017822a78                mmc_set_blocklen
 .text.find_mmc_device
                0x0000000017822ab8       0x4c drivers/mmc/built-in.o
                0x0000000017822ab8                find_mmc_device
 .text.mmc_bread
                0x0000000017822b04      0x13c drivers/mmc/built-in.o
 .text.mmc_send_op_cond
                0x0000000017822c40       0x74 drivers/mmc/built-in.o
                0x0000000017822c40                mmc_send_op_cond
 .text.mmc_complete_op_cond
                0x0000000017822cb4       0x8c drivers/mmc/built-in.o
                0x0000000017822cb4                mmc_complete_op_cond
 .text.mmc_switch_part
                0x0000000017822d40       0x4c drivers/mmc/built-in.o
                0x0000000017822d40                mmc_switch_part
 .text.mmc_select_hwpart
                0x0000000017822d8c       0x6c drivers/mmc/built-in.o
                0x0000000017822d8c                mmc_select_hwpart
 .text.mmc_getcd
                0x0000000017822df8       0x3c drivers/mmc/built-in.o
                0x0000000017822df8                mmc_getcd
 .text.mmc_set_clock
                0x0000000017822e34       0x24 drivers/mmc/built-in.o
                0x0000000017822e34                mmc_set_clock
 .text.mmc_startup
                0x0000000017822e58      0xb88 drivers/mmc/built-in.o
 .text.mmc_create
                0x00000000178239e0       0xf8 drivers/mmc/built-in.o
                0x00000000178239e0                mmc_create
 .text.mmc_start_init
                0x0000000017823ad8      0x224 drivers/mmc/built-in.o
                0x0000000017823ad8                mmc_start_init
 .text.mmc_init
                0x0000000017823cfc       0x8c drivers/mmc/built-in.o
                0x0000000017823cfc                mmc_init
 .text.mmc_get_dev
                0x0000000017823d88       0x2c drivers/mmc/built-in.o