ether.c:1215:13:eth_setup_complete	0	static
ether.c:1566:13:rx_complete	0	static
ether.c:1635:13:tx_complete	0	static
ether.c:1777:13:eth_unbind	16	static
ether.c:1818:13:eth_suspend	0	static
ether.c:1823:13:eth_resume	0	static
ether.c:1135:13:eth_status_complete	16	static
ether.c:1979:11:nibble	0	static
ether.c:1989:12:get_ether_addr	24	static
ether.c:2401:12:usb_eth_send	24	static
ether.c:1017:13:eth_reset_config	8	static
ether.c:1812:13:eth_disconnect	0	static
ether.c:2489:6:usb_eth_halt	16	static
ether.c:1951:12:19	32	static
ether.c:1519:12:20	24	static
ether.c:2470:12:usb_eth_recv	16	static
ether.c:1256:1:eth_setup	48	static
ether.c:872:8:strlcpy	24	static
ether.c:2009:12:eth_bind	56	static
ether.c:2333:12:usb_eth_init	24	static
ether.c:2539:5:usb_eth_initialize	8	static
