mcs7830.c:625:13:mcs7830_halt	0	static
mcs7830.c:537:12:mcs7830_send	1600	static
mcs7830.c:565:12:mcs7830_recv	2112	static
mcs7830.c:127:12:0	48	dynamic
mcs7830.c:476:12:mcs7830_write_mac	8	static
mcs7830.c:97:12:1	48	dynamic
mcs7830.c:156:12:mcs7830_phy_emit_wait	24	static
mcs7830.c:217:12:mcs7830_write_phy	24	static
mcs7830.c:504:12:mcs7830_init	24	static
mcs7830.c:645:6:mcs7830_eth_before_probe	0	static
mcs7830.c:687:5:mcs7830_eth_probe	24	static
mcs7830.c:786:5:mcs7830_eth_get_info	24	static
