clock.c:415:12:enable_enet_pll	0	static
clock.c:191:12:get_ipg_clk	8	static
clock.c:202:12:get_ipg_per_clk	8	static
clock.c:74:12:0	0	static
clock.c:131:12:get_mcu_main_clk	8	static
clock.c:212:12:get_uart_clk	8	static
clock.c:227:12:get_cspi_clk	8	static
clock.c:104:12:mxc_get_pll_pfd	16	static
clock.c:362:12:get_usdhc_clk	8	static
clock.c:26:6:enable_ocotp_clk	0	static
clock.c:39:6:enable_usboh3_clk	0	static
clock.c:54:5:enable_i2c_clk	0	static
clock.c:143:5:get_periph_clk	8	static
clock.c:238:12:get_axi_clk	8	static
clock.c:257:12:get_emi_slow_clk	8	static
clock.c:315:12:get_mmdc_ch0_clk	8	static
clock.c:545:5:do_mx6_showclocks	16	static
clock.c:326:5:enable_fec_anatop_clock	0	static
clock.c:405:5:imx_get_uartclk	0	static
clock.c:410:5:imx_get_fecclk	0	static
clock.c:458:5:enable_sata_clock	0	static
clock.c:464:5:enable_pcie_clock	0	static
clock.c:501:14:mxc_get_clock	0	static
clock.c:576:6:enable_ipu_clock	0	static
