cmd_bootm.c:1487:13:copy_args	24	static
cmd_bootm.c:1131:12:image_info	16	static
cmd_bootm.c:574:14:bootm_disable_interrupts	8	static
cmd_bootm.c:1088:5:do_bootd	8	static
cmd_bootm.c:1610:12:do_bootm_rtems	8	static
cmd_bootm.c:1676:12:do_bootm_plan9	24	static
cmd_bootm.c:517:12:do_bootm_standalone	16	static
cmd_bootm.c:1505:12:do_bootm_netbsd	40	static
cmd_bootm.c:1113:12:do_iminfo	24	static
cmd_bootm.c:322:12:18	16	static
cmd_bootm.c:338:12:bootm_find_fdt	32	static
cmd_bootm.c:175:13:__arch_preboot_os	0	static
cmd_bootm.c:630:12:23	72	static
cmd_bootm.c:788:5:do_bootm	48	static
cmd_bootm.c:837:5:bootm_maybe_autostart	24	static
cmd_bootm.c:1726:6:do_bootvx_fdt	32	static
cmd_bootm.c:1780:12:do_bootm_vxworks	8	static
cmd_bootm.c:1860:12:bootz_setup	8	static
cmd_bootm.c:1912:5:do_bootz	48	static
