cmd_i2c.c:185:13:get_alen	0	static
cmd_i2c.c:1428:5:do_i2c_bus_num	8	static
cmd_i2c.c:1572:12:do_i2c	24	static
cmd_i2c.c:1519:12:do_i2c_reset	8	static
cmd_i2c.c:416:12:do_i2c_mw	40	static
cmd_i2c.c:214:12:do_i2c_read	32	static
cmd_i2c.c:679:12:do_i2c_probe	24	static
cmd_i2c.c:315:12:do_i2c_md	64	static
cmd_i2c.c:486:12:do_i2c_crc	48	static
cmd_i2c.c:1369:5:do_i2c_show_bus	16	static
cmd_i2c.c:1463:12:do_i2c_bus_speed	8	static
cmd_i2c.c:254:12:do_i2c_write	40	static
cmd_i2c.c:742:12:do_i2c_loop	56	static
cmd_i2c.c:555:1:4	48	static
cmd_i2c.c:1505:12:do_i2c_nm	0	static
cmd_i2c.c:1490:12:do_i2c_mm	0	static
cmd_i2c.c:128:6:i2c_init_board	0	static
