console.c:167:12:console_tstc	32	static
console.c:189:13:console_putc	24	static
console.c:201:13:console_puts	24	static
console.c:256:5:serial_printf	1064	static
console.c:274:5:fgetc	16	static
console.c:305:5:ftstc	0	static
console.c:313:6:fputc	0	static
console.c:319:6:fputs	0	static
console.c:325:5:fprintf	1068	static
console.c:346:5:getc	0	static
console.c:365:5:tstc	0	static
console.c:417:6:putc	0	static
console.c:447:6:puts	0	static
console.c:478:5:printf	1064	static
console.c:19:12:on_console	24	static
console.c:502:5:vprintf	1064	static
console.c:525:5:ctrlc	8	static
console.c:543:5:confirm_yesno	16	static
console.c:570:5:disable_ctrlc	0	static
console.c:578:5:had_ctrlc	0	static
console.c:583:6:clear_ctrlc	0	static
console.c:621:13:dbg	0	static
console.c:628:19:search_device	8	static
console.c:640:5:console_assign	16	static
console.c:669:5:console_init_f	0	static
console.c:683:6:stdio_print_current_devices	8	static
console.c:710:5:console_init_r	32	static
