aristeus.c:786:13:enable_rgb	8	static
aristeus.c:776:13:enable_lvds	0	static
aristeus.c:1101:12:read_keys	24	static
aristeus.c:764:13:do_enable_hdmi	0	static
aristeus.c:927:13:setup_display	8	static
aristeus.c:1112:12:do_kbd	16	static
aristeus.c:769:12:detect_i2c	8	static
aristeus.c:79:5:dram_init	0	static
aristeus.c:424:5:board_ehci_hcd_init	8	static
aristeus.c:436:5:board_ehci_power	8	static
aristeus.c:460:5:board_mmc_getcd	8	static
aristeus.c:500:5:board_mmc_init	24	static
aristeus.c:574:6:setup_spi	8	static
aristeus.c:586:5:board_phy_config	24	static
aristeus.c:637:5:board_eth_init	24	static
aristeus.c:983:5:board_early_init_f	8	static
aristeus.c:1012:5:overwrite_console	0	static
aristeus.c:1017:5:board_init	8	static
aristeus.c:1059:5:checkboard	8	static
aristeus.c:1183:5:misc_init_r	40	static
